<html>
<body>
<pre>
<h1>礦ision Build Log</h1>
<h2>Tool Versions:</h2>
IDE-Version: μVision V5.14.0.0
Copyright (C) 2015 ARM Ltd and ARM Germany GmbH. All rights reserved.
License Information: ran chuan, aa, LIC=MGX63-AAE8U-UKKB6-D65L0-KFD8L-Y1ICA
 
Tool Versions:
Toolchain:       MDK-ARM Professional  Version: 5.14.0.0
Toolchain Path:  D:\Keil_v5\ARM\ARMCC\Bin
C Compiler:      Armcc.exe V5.05 update 1 (build 106)
Assembler:       Armasm.exe V5.05 update 1 (build 106)
Linker/Locator:  ArmLink.exe V5.05 update 1 (build 106)
Library Manager: ArmAr.exe V5.05 update 1 (build 106)
Hex Converter:   FromElf.exe V5.05 update 1 (build 106)
CPU DLL:         SARMCM3.DLL V5.14.0.0
Dialog DLL:      TARMSTM.dll V1.64.0.0
Target DLL:      Segger\JL2CM3.dll V2.99.13.0
Dialog DLL:      TARMSTM.dll V1.64.0.0
 
<h2>Project:</h2>
F:\川~\STM32 F1\2018.9.30 温控集中器 第二套\2018.12.11 温控 集中器 石柱15寸\USER\UCOSII-1.uvprojx
Project File Date:  12/10/2018

<h2>Output:</h2>
Build target 'Target 1'
compiling my_lcd.c...
linking...
Program Size: Code=58292 RO-data=1812 RW-data=428 ZI-data=8472  
FromELF: creating hex file...
"..\OBJ\UCOSII-1.axf" - 0 Error(s), 0 Warning(s).

<h2>Collection of Component include folders:</h2>
  F:\川~\STM32 F1\2018.9.30 温控集中器 第二套\2018.12.11 温控 集中器 石柱15寸\USER\RTE
  D:\Keil_v5\ARM\PACK\Keil\STM32F1xx_DFP\1.0.5\Device\Include

<h2>Collection of Component Files used:</h2>
</pre>
</body>
</html>
