Component: ARM Compiler 5.05 update 1 (build 106) Tool: armlink [4d0efa]

==============================================================================

Section Cross References

    main.o(i.main) refers to power.o(i.SysPowerOn) for SysPowerOn
    main.o(i.main) refers to os_task.o(i.CreateTask) for CreateTask
    main.o(i.main) refers to os_task.o(i.OSStart) for OSStart
    main.o(i.main) refers to main.o(.bss) for my_keytack
    main.o(i.main) refers to my_key.o(i.my_key) for my_key
    main.o(i.main) refers to my_lcd.o(i.my_lcd) for my_lcd
    main.o(i.main) refers to my_rf.o(i.my_rf_loop) for my_rf_loop
    main.o(i.main) refers to my_light.o(i.my_light) for my_light
    main.o(i.main) refers to my_rf.o(i.my_rf_hand) for my_rf_hand
    main.o(i.main) refers to my_rf.o(i.my_rf_deal) for my_rf_deal
    main.o(i.main) refers to my_w5500.o(i.my_w5500) for my_w5500
    main.o(i.main) refers to my_autocontrol.o(i.my_autocontrol) for my_autocontrol
    main.o(i.main) refers to my_cfg.o(i.my_cfg) for my_cfg
    stm32f10x_it.o(i.BusFault_Handler) refers to stm32f10x_it.o(i.NVIC_SystemReset) for NVIC_SystemReset
    stm32f10x_it.o(i.DebugMon_Handler) refers to stm32f10x_it.o(i.NVIC_SystemReset) for NVIC_SystemReset
    stm32f10x_it.o(i.HardFault_Handler) refers to stm32f10x_it.o(i.NVIC_SystemReset) for NVIC_SystemReset
    stm32f10x_it.o(i.MemManage_Handler) refers to stm32f10x_it.o(i.NVIC_SystemReset) for NVIC_SystemReset
    stm32f10x_it.o(i.NMI_Handler) refers to stm32f10x_it.o(i.NVIC_SystemReset) for NVIC_SystemReset
    stm32f10x_it.o(i.UsageFault_Handler) refers to stm32f10x_it.o(i.NVIC_SystemReset) for NVIC_SystemReset
    system_stm32f10x.o(i.SetSysClock) refers to system_stm32f10x.o(i.SetSysClockTo72) for SetSysClockTo72
    system_stm32f10x.o(i.SystemCoreClockUpdate) refers to system_stm32f10x.o(.data) for SystemCoreClock
    system_stm32f10x.o(i.SystemInit) refers to system_stm32f10x.o(i.SetSysClock) for SetSysClock
    key.o(i.Get_Key) refers to key.o(.data) for KEYS
    key.o(i.KEY_IRQHandler) refers to stm32f10x_gpio.o(i.GPIO_ReadInputData) for GPIO_ReadInputData
    key.o(i.KEY_IRQHandler) refers to key.o(.data) for key_valid
    key.o(i.Key_Init) refers to stm32f10x_rcc.o(i.RCC_APB2PeriphClockCmd) for RCC_APB2PeriphClockCmd
    key.o(i.Key_Init) refers to stm32f10x_gpio.o(i.GPIO_Init) for GPIO_Init
    key.o(i.Key_Init) refers to key.o(i.TIME4_Init) for TIME4_Init
    key.o(i.TIM4_IRQHandler) refers to stm32f10x_tim.o(i.TIM_GetITStatus) for TIM_GetITStatus
    key.o(i.TIM4_IRQHandler) refers to stm32f10x_tim.o(i.TIM_ClearITPendingBit) for TIM_ClearITPendingBit
    key.o(i.TIM4_IRQHandler) refers to key.o(i.KEY_IRQHandler) for KEY_IRQHandler
    key.o(i.TIME4_Init) refers to stm32f10x_rcc.o(i.RCC_APB1PeriphClockCmd) for RCC_APB1PeriphClockCmd
    key.o(i.TIME4_Init) refers to stm32f10x_tim.o(i.TIM_TimeBaseInit) for TIM_TimeBaseInit
    key.o(i.TIME4_Init) refers to stm32f10x_tim.o(i.TIM_ITConfig) for TIM_ITConfig
    key.o(i.TIME4_Init) refers to misc.o(i.NVIC_Init) for NVIC_Init
    key.o(i.TIME4_Init) refers to stm32f10x_tim.o(i.TIM_Cmd) for TIM_Cmd
    lcd.o(i.LCD_Init) refers to stm32f10x_rcc.o(i.RCC_APB2PeriphClockCmd) for RCC_APB2PeriphClockCmd
    lcd.o(i.LCD_Init) refers to stm32f10x_rcc.o(i.RCC_APB1PeriphClockCmd) for RCC_APB1PeriphClockCmd
    lcd.o(i.LCD_Init) refers to stm32f10x_gpio.o(i.GPIO_Init) for GPIO_Init
    lcd.o(i.LCD_Init) refers to stm32f10x_rcc.o(i.RCC_APB1PeriphResetCmd) for RCC_APB1PeriphResetCmd
    lcd.o(i.LCD_Init) refers to stm32f10x_usart.o(i.USART_Init) for USART_Init
    lcd.o(i.LCD_Init) refers to misc.o(i.NVIC_Init) for NVIC_Init
    lcd.o(i.LCD_Init) refers to stm32f10x_usart.o(i.USART_ITConfig) for USART_ITConfig
    lcd.o(i.LCD_Init) refers to stm32f10x_usart.o(i.USART_Cmd) for USART_Cmd
    lcd.o(i.LCD_Receive_Data) refers to lcd.o(.data) for RS485_RX_CNT
    lcd.o(i.LCD_Receive_Data) refers to lcd.o(.bss) for RS485_RX_BUF
    lcd.o(i.LCD_Send_Data) refers to stm32f10x_usart.o(i.USART_GetFlagStatus) for USART_GetFlagStatus
    lcd.o(i.LCD_Send_Data) refers to stm32f10x_usart.o(i.USART_SendData) for USART_SendData
    lcd.o(i.LCD_Send_Data) refers to lcd.o(.data) for RS485_RX_CNT
    lcd.o(i.LCD_SetFocus) refers to lcd.o(.data) for LCD_FOCUS
    lcd.o(i.Lcd_GetHandstate) refers to data_map.o(.bss) for ALL_PARAMETERS
    lcd.o(i.Lcd_GetLimitData) refers to data_map.o(.bss) for ALL_PARAMETERS
    lcd.o(i.Lcd_SetHandstate) refers to data_map.o(.bss) for ALL_PARAMETERS
    lcd.o(i.Lcd_SetLimitData) refers to data_map.o(.bss) for ALL_PARAMETERS
    lcd.o(i.USART2_IRQHandler) refers to stm32f10x_usart.o(i.USART_GetITStatus) for USART_GetITStatus
    lcd.o(i.USART2_IRQHandler) refers to stm32f10x_usart.o(i.USART_ReceiveData) for USART_ReceiveData
    lcd.o(i.USART2_IRQHandler) refers to os_task.o(i.TaskIntSendMsg) for TaskIntSendMsg
    lcd.o(i.USART2_IRQHandler) refers to lcd.o(.data) for RS485_RX_CNT
[...]
    USART_ReceiveData                        0x08007ce9   Thumb Code    10  stm32f10x_usart.o(i.USART_ReceiveData)
    USART_SendData                           0x08007cf3   Thumb Code     8  stm32f10x_usart.o(i.USART_SendData)
    Updata_DeviceNum                         0x08007cfd   Thumb Code   120  my_rf.o(i.Updata_DeviceNum)
    Updata_devicestate                       0x08007d7d   Thumb Code    96  my_rf.o(i.Updata_devicestate)
    UsageFault_Handler                       0x08007de1   Thumb Code     4  stm32f10x_it.o(i.UsageFault_Handler)
    W25Q_ReadWriteByte                       0x08007de5   Thumb Code    74  flash.o(i.W25Q_ReadWriteByte)
    W5500_GPIO_Configuration                 0x08007e39   Thumb Code   128  w5500.o(i.W5500_GPIO_Configuration)
    W5500_Hardware_Reset                     0x08007ebd   Thumb Code    56  w5500.o(i.W5500_Hardware_Reset)
    W5500_Init                               0x08007ef9   Thumb Code   116  w5500.o(i.W5500_Init)
    W5500_Initialization                     0x08007f71   Thumb Code    30  w5500.o(i.W5500_Initialization)
    Write_SOCK_Data_Buffer                   0x08007f91   Thumb Code   210  w5500.o(i.Write_SOCK_Data_Buffer)
    Write_W5500_1Byte                        0x08008069   Thumb Code    42  w5500.o(i.Write_W5500_1Byte)
    Write_W5500_2Byte                        0x08008099   Thumb Code    42  w5500.o(i.Write_W5500_2Byte)
    Write_W5500_SOCK_1Byte                   0x080080c9   Thumb Code    54  w5500.o(i.Write_W5500_SOCK_1Byte)
    Write_W5500_SOCK_2Byte                   0x08008105   Thumb Code    54  w5500.o(i.Write_W5500_SOCK_2Byte)
    Write_W5500_SOCK_4Byte                   0x08008141   Thumb Code    80  w5500.o(i.Write_W5500_SOCK_4Byte)
    Write_W5500_nByte                        0x08008195   Thumb Code    62  w5500.o(i.Write_W5500_nByte)
    __ARM_fpclassify                         0x080081d9   Thumb Code    40  fpclassify.o(i.__ARM_fpclassify)
    __kernel_poly                            0x08008201   Thumb Code   170  poly.o(i.__kernel_poly)
    __mathlib_dbl_divzero                    0x080082ad   Thumb Code    12  dunder.o(i.__mathlib_dbl_divzero)
    __mathlib_dbl_infnan2                    0x080082bd   Thumb Code     4  dunder.o(i.__mathlib_dbl_infnan2)
    __mathlib_dbl_invalid                    0x080082c1   Thumb Code    12  dunder.o(i.__mathlib_dbl_invalid)
    __mathlib_dbl_overflow                   0x080082cd   Thumb Code    14  dunder.o(i.__mathlib_dbl_overflow)
    __mathlib_dbl_underflow                  0x080082dd   Thumb Code    10  dunder.o(i.__mathlib_dbl_underflow)
    _is_digit                                0x080082ed   Thumb Code    14  __printf_wp.o(i._is_digit)
    _sys_exit                                0x080082fb   Thumb Code     8  rf.o(i._sys_exit)
    _ttywrch                                 0x08008303   Thumb Code     2  rf.o(i._ttywrch)
    cJSON_AddItemToArray                     0x08008305   Thumb Code    42  cjson.o(i.cJSON_AddItemToArray)
    cJSON_AddItemToObject                    0x08008331   Thumb Code    44  cjson.o(i.cJSON_AddItemToObject)
    cJSON_CreateNumber                       0x08008361   Thumb Code    36  cjson.o(i.cJSON_CreateNumber)
    cJSON_CreateObject                       0x08008385   Thumb Code    18  cjson.o(i.cJSON_CreateObject)
    cJSON_CreateString                       0x08008397   Thumb Code    28  cjson.o(i.cJSON_CreateString)
    cJSON_Delete                             0x080083b5   Thumb Code    74  cjson.o(i.cJSON_Delete)
    cJSON_GetObjectItem                      0x08008405   Thumb Code    30  cjson.o(i.cJSON_GetObjectItem)
    cJSON_InitHooks                          0x08008425   Thumb Code    48  cjson.o(i.cJSON_InitHooks)
    cJSON_Parse                              0x08008485   Thumb Code    16  cjson.o(i.cJSON_Parse)
    cJSON_ParseWithOpts                      0x08008495   Thumb Code    96  cjson.o(i.cJSON_ParseWithOpts)
    cJSON_PrintUnformatted                   0x080084f9   Thumb Code    16  cjson.o(i.cJSON_PrintUnformatted)
    cfg_0x01                                 0x08008581   Thumb Code   208  my_cfg.o(i.cfg_0x01)
    cfg_0x06                                 0x08008669   Thumb Code   180  my_cfg.o(i.cfg_0x06)
    cfg_0x07                                 0x08008721   Thumb Code    66  my_cfg.o(i.cfg_0x07)
    cfg_0x08                                 0x08008769   Thumb Code   142  my_cfg.o(i.cfg_0x08)
    cfg_0x09                                 0x080087fd   Thumb Code    64  my_cfg.o(i.cfg_0x09)
    cfg_retern                               0x08008845   Thumb Code   140  my_cfg.o(i.cfg_retern)
    copy_data                                0x080088d1   Thumb Code    24  rf.o(i.copy_data)
    dbg_Interpreter                          0x080088e9   Thumb Code   256  my_debug.o(i.dbg_Interpreter)
    dbg_booting                              0x08008a39   Thumb Code    60  my_debug.o(i.dbg_booting)
    dbg_copydata                             0x08008aa1   Thumb Code   192  my_debug.o(i.dbg_copydata)
    dbg_devconfig                            0x08008c35   Thumb Code   172  my_debug.o(i.dbg_devconfig)
    dbg_err                                  0x08008d29   Thumb Code    34  my_debug.o(i.dbg_err)
    dbg_getdevname                           0x08008d7d   Thumb Code    22  my_debug.o(i.dbg_getdevname)
    dbg_getdevstate                          0x08008d99   Thumb Code   152  my_debug.o(i.dbg_getdevstate)
    dbg_help                                 0x08008e75   Thumb Code   204  my_debug.o(i.dbg_help)
    dbg_info                                 0x08009015   Thumb Code   866  my_debug.o(i.dbg_info)
    dbg_oche                                 0x0800961d   Thumb Code    94  my_debug.o(i.dbg_oche)
    dbg_reboot                               0x080096b1   Thumb Code    36  my_debug.o(i.dbg_reboot)
    dbg_setchanel                            0x080096f1   Thumb Code    84  my_debug.o(i.dbg_setchanel)
    delay_init                               0x08009771   Thumb Code    72  delay.o(i.delay_init)
    delay_ms                                 0x080097c9   Thumb Code    44  delay.o(i.delay_ms)
    delay_us                                 0x080097fd   Thumb Code    70  delay.o(i.delay_us)
    dhcp_ask                                 0x0800984d   Thumb Code   116  dhcp.o(i.dhcp_ask)
    dhcp_discover                            0x080098e9   Thumb Code   552  dhcp.o(i.dhcp_discover)
    dhcp_request                             0x08009b45   Thumb Code   680  dhcp.o(i.dhcp_request)
    dhcp_retry                               0x08009e19   Thumb Code   254  dhcp.o(i.dhcp_retry)
    exit_cfg                                 0x08009f1d   Thumb Code    62  my_cfg.o(i.exit_cfg)
    fats_init                                0x08009f5d   Thumb Code   296  fats.o(i.fats_init)
    fats_state                               0x0800a0c5   Thumb Code     6  fats.o(i.fats_state)
    find_messeg                              0x0800a0d1   Thumb Code    42  os_msg.o(i.find_messeg)
    floor                                    0x0800a101   Thumb Code   204  floor.o(i.floor)
    get_messeg                               0x0800a1dd   Thumb Code   124  os_msg.o(i.get_messeg)
    get_newstate                             0x0800a25d   Thumb Code   102  my_rf.o(i.get_newstate)
    into_cfg                                 0x0800a2c5   Thumb Code    62  my_cfg.o(i.into_cfg)
    jianpu_end                               0x0800a309   Thumb Code     8  beep.o(i.jianpu_end)
    json_get_devicname                       0x0800a311   Thumb Code    50  wk_json.o(i.json_get_devicname)
    key_around                               0x0800a375   Thumb Code    40  light.o(i.key_around)
    key_light                                0x0800a3a1   Thumb Code    40  light.o(i.key_light)
    key_reset                                0x0800a3cd   Thumb Code    18  light.o(i.key_reset)
    key_send                                 0x0800a3e5   Thumb Code   974  light.o(i.key_send)
    key_senddata                             0x0800a7bd   Thumb Code    44  light.o(i.key_senddata)
    lcd_beep                                 0x0800a7f1   Thumb Code    44  my_lcd.o(i.lcd_beep)
    lcd_chan_state                           0x0800a825   Thumb Code    20  my_lcd.o(i.lcd_chan_state)
    lcd_dataUp                               0x0800a83d   Thumb Code    98  my_lcd.o(i.lcd_dataUp)
    lcd_messeg_02                            0x0800a8a9   Thumb Code   384  my_lcd.o(i.lcd_messeg_02)
    lcd_messeg_03                            0x0800aa2d   Thumb Code   132  my_lcd.o(i.lcd_messeg_03)
    lcd_page                                 0x0800aac5   Thumb Code    16  my_lcd.o(i.lcd_page)
    lcd_set_data                             0x0800aad9   Thumb Code    28  my_lcd.o(i.lcd_set_data)
    lcd_sleep                                0x0800aaf9   Thumb Code    32  my_lcd.o(i.lcd_sleep)
    lcd_timetosleep                          0x0800ab1d   Thumb Code   212  my_lcd.o(i.lcd_timetosleep)
    led_light                                0x0800abfd   Thumb Code   352  my_light.o(i.led_light)
    led_lightall                             0x0800ad5d   Thumb Code    92  my_light.o(i.led_lightall)
    led_resetall                             0x0800adc9   Thumb Code    34  light.o(i.led_resetall)
    led_run                                  0x0800adf1   Thumb Code   350  my_light.o(i.led_run)
    led_senddata                             0x0800af61   Thumb Code    44  light.o(i.led_senddata)
    led_setall                               0x0800af95   Thumb Code    32  light.o(i.led_setall)
    led_setcolor                             0x0800afb9   Thumb Code    28  light.o(i.led_setcolor)
    load_test_cfg                            0x0800afd9   Thumb Code   190  my_rf.o(i.load_test_cfg)
    loushui_warn                             0x0800b09d   Thumb Code    66  my_rf.o(i.loushui_warn)
    main                                     0x0800b0e1   Thumb Code   122  main.o(i.main)
    mem_free                                 0x0800b1a5   Thumb Code    74  malloc.o(i.mem_free)
    mem_init                                 0x0800b1fd   Thumb Code   194  malloc.o(i.mem_init)
    mem_malloc                               0x0800b2dd   Thumb Code   138  malloc.o(i.mem_malloc)
    mem_perused                              0x0800b375   Thumb Code    44  malloc.o(i.mem_perused)
    my_autocontrol                           0x0800b3a9   Thumb Code  1136  my_autocontrol.o(i.my_autocontrol)
    my_cfg                                   0x0800b819   Thumb Code   300  my_cfg.o(i.my_cfg)
    my_debug                                 0x0800b949   Thumb Code    70  my_debug.o(i.my_debug)
    my_key                                   0x0800b999   Thumb Code  1094  my_key.o(i.my_key)
    my_lcd                                   0x0800bde1   Thumb Code   374  my_lcd.o(i.my_lcd)
    my_lcd_init                              0x0800bf65   Thumb Code    38  my_lcd.o(i.my_lcd_init)
    my_lcdsleep                              0x0800bf91   Thumb Code    16  my_lcd.o(i.my_lcdsleep)
    my_light                                 0x0800bfa1   Thumb Code   114  my_light.o(i.my_light)
    my_rf_deal                               0x0800c015   Thumb Code   540  my_rf.o(i.my_rf_deal)
    my_rf_hand                               0x0800c239   Thumb Code   766  my_rf.o(i.my_rf_hand)
    my_rf_loop                               0x0800c53d   Thumb Code   564  my_rf.o(i.my_rf_loop)
    my_w5500                                 0x0800c789   Thumb Code    94  my_w5500.o(i.my_w5500)
    myfree                                   0x0800c7f9   Thumb Code    36  malloc.o(i.myfree)
    mymalloc                                 0x0800c821   Thumb Code    40  malloc.o(i.mymalloc)
    mymemcpy                                 0x0800c84d   Thumb Code    26  malloc.o(i.mymemcpy)
    mymemset                                 0x0800c867   Thumb Code    20  malloc.o(i.mymemset)
    nest_Options                             0x0800c87b   Thumb Code    22  dhcp.o(i.nest_Options)
    net_check_gateway                        0x0800c891   Thumb Code   208  enternet.o(i.net_check_gateway)
    net_check_parameters                     0x0800c965   Thumb Code    88  enternet.o(i.net_check_parameters)
    net_get_comstate                         0x0800c9c9   Thumb Code    14  enternet.o(i.net_get_comstate)
    net_get_phycstate                        0x0800c9d7   Thumb Code    14  enternet.o(i.net_get_phycstate)
    net_init                                 0x0800c9e5   Thumb Code    24  enternet.o(i.net_init)
    net_set_getway                           0x0800c9fd   Thumb Code    16  enternet.o(i.net_set_getway)
    net_set_myip                             0x0800ca0d   Thumb Code    16  enternet.o(i.net_set_myip)
    net_set_sub_mask                         0x0800ca1d   Thumb Code    16  enternet.o(i.net_set_sub_mask)
    net_sysboot_init                         0x0800ca2d   Thumb Code    22  enternet.o(i.net_sysboot_init)
    net_test                                 0x0800ca51   Thumb Code   140  enternet.o(i.net_test)
    num_to_str                               0x0800caf1   Thumb Code   100  cjson.o(i.num_to_str)
    os_fats_init                             0x0800cb55   Thumb Code     8  os_fats.o(i.os_fats_init)
    os_init                                  0x0800cb5d   Thumb Code    20  os_sys.o(i.os_init)
    os_mem_init                              0x0800cb71   Thumb Code     8  os_mem.o(i.os_mem_init)
    os_msg_init                              0x0800cb79   Thumb Code     4  os_msg.o(i.os_msg_init)
    os_task_init                             0x0800cb7d   Thumb Code    32  os_task.o(i.os_task_init)
    pow                                      0x0800d2b9   Thumb Code  2478  pow.o(i.pow)
    read_json                                0x0800e38d   Thumb Code   274  file.o(i.read_json)
    recv_json                                0x0800e4b1   Thumb Code    60  wk_json.o(i.recv_json)
    recv_json_kz                             0x0800e4f5   Thumb Code   332  wk_json.o(i.recv_json_kz)
    samestr                                  0x0800e6b9   Thumb Code    46  my_debug.o(i.samestr)
    send_json                                0x0800e6e7   Thumb Code    80  wk_json.o(i.send_json)
    send_json_adddevice                      0x0800e739   Thumb Code   530  wk_json.o(i.send_json_adddevice)
    send_json_cj                             0x0800e9c5   Thumb Code   396  my_w5500.o(i.send_json_cj)
    send_json_kz                             0x0800ebad   Thumb Code   958  my_w5500.o(i.send_json_kz)
    send_json_limit                          0x0800f001   Thumb Code   334  my_w5500.o(i.send_json_limit)
    send_json_warn                           0x0800f1b5   Thumb Code   366  my_w5500.o(i.send_json_warn)
    send_messeg                              0x0800f3c5   Thumb Code   122  os_msg.o(i.send_messeg)
    send_warn                                0x0800f445   Thumb Code    66  my_autocontrol.o(i.send_warn)
    server_data                              0x0800f487   Thumb Code    58  wk_json.o(i.server_data)
    server_read_data                         0x0800f4c1   Thumb Code   144  wk_json.o(i.server_read_data)
    server_send_data                         0x0800f569   Thumb Code   156  wk_json.o(i.server_send_data)
    set_jianpu                               0x0800f61d   Thumb Code    52  beep.o(i.set_jianpu)
    sm16703_reset                            0x0800f665   Thumb Code    18  light.o(i.sm16703_reset)
    sm16703_send                             0x0800f67d   Thumb Code   974  light.o(i.sm16703_send)
    sqrt                                     0x0800fa55   Thumb Code    76  sqrt.o(i.sqrt)
    str2num                                  0x0800faa1   Thumb Code    48  my_debug.o(i.str2num)
    tcp_close                                0x0800fad7   Thumb Code    18  enternet.o(i.tcp_close)
    tcp_connect                              0x0800fae9   Thumb Code   182  enternet.o(i.tcp_connect)
    tcp_send                                 0x0800fb9f   Thumb Code    20  enternet.o(i.tcp_send)
    udp_close                                0x0800fbb3   Thumb Code    56  enternet.o(i.udp_close)
    udp_init                                 0x0800fbeb   Thumb Code    72  enternet.o(i.udp_init)
    udp_send                                 0x0800fc33   Thumb Code    66  enternet.o(i.udp_send)
    wk_client                                0x0800fc75   Thumb Code   228  my_w5500.o(i.wk_client)
    yt_newstate                              0x0800fd6d   Thumb Code   144  my_rf.o(i.yt_newstate)
    _get_lc_ctype                            0x0800fdfd   Thumb Code    44  lc_ctype_c.o(locale$$code)
    _get_lc_numeric                          0x0800fe29   Thumb Code    44  lc_numeric_c.o(locale$$code)
    __aeabi_d2f                              0x0800fe55   Thumb Code     0  d2f.o(x$fpl$d2f)
    _d2f                                     0x0800fe55   Thumb Code    98  d2f.o(x$fpl$d2f)
    __aeabi_dadd                             0x0800feb9   Thumb Code     0  daddsub_clz.o(x$fpl$dadd)
    _dadd                                    0x0800feb9   Thumb Code   332  daddsub_clz.o(x$fpl$dadd)
    __fpl_dcheck_NaN1                        0x08010009   Thumb Code    10  dcheck1.o(x$fpl$dcheck1)
    __fpl_dcmp_Inf                           0x08010019   Thumb Code    24  dcmpi.o(x$fpl$dcmpinf)
    __aeabi_ddiv                             0x08010031   Thumb Code     0  ddiv.o(x$fpl$ddiv)
    _ddiv                                    0x08010031   Thumb Code   552  ddiv.o(x$fpl$ddiv)
    __aeabi_d2iz                             0x080102e1   Thumb Code     0  dfix.o(x$fpl$dfix)
    _dfix                                    0x080102e1   Thumb Code    94  dfix.o(x$fpl$dfix)
    __aeabi_d2uiz                            0x08010341   Thumb Code     0  dfixu.o(x$fpl$dfixu)
    _dfixu                                   0x08010341   Thumb Code    90  dfixu.o(x$fpl$dfixu)
    __aeabi_i2d                              0x0801039b   Thumb Code     0  dflt_clz.o(x$fpl$dflt)
    _dflt                                    0x0801039b   Thumb Code    46  dflt_clz.o(x$fpl$dflt)
    __aeabi_ui2d                             0x080103c9   Thumb Code     0  dflt_clz.o(x$fpl$dfltu)
    _dfltu                                   0x080103c9   Thumb Code    38  dflt_clz.o(x$fpl$dfltu)
    __aeabi_cdcmple                          0x080103f1   Thumb Code     0  dleqf.o(x$fpl$dleqf)
    _dcmple                                  0x080103f1   Thumb Code   120  dleqf.o(x$fpl$dleqf)
    __fpl_dcmple_InfNaN                      0x08010453   Thumb Code     0  dleqf.o(x$fpl$dleqf)
    __aeabi_dmul                             0x08010469   Thumb Code     0  dmul.o(x$fpl$dmul)
    _dmul                                    0x08010469   Thumb Code   332  dmul.o(x$fpl$dmul)
    __fpl_dnaninf                            0x080105bd   Thumb Code   156  dnaninf.o(x$fpl$dnaninf)
    __fpl_dretinf                            0x08010659   Thumb Code    12  dretinf.o(x$fpl$dretinf)
    __aeabi_cdrcmple                         0x08010665   Thumb Code     0  drleqf.o(x$fpl$drleqf)
    _drcmple                                 0x08010665   Thumb Code   108  drleqf.o(x$fpl$drleqf)
    __aeabi_drsub                            0x080106d1   Thumb Code     0  daddsub_clz.o(x$fpl$drsb)
    _drsb                                    0x080106d1   Thumb Code    22  daddsub_clz.o(x$fpl$drsb)
    _dsqrt                                   0x080106e9   Thumb Code   456  dsqrt_noumaal.o(x$fpl$dsqrt)
    __aeabi_dsub                             0x080108b5   Thumb Code     0  daddsub_clz.o(x$fpl$dsub)
    _dsub                                    0x080108b5   Thumb Code   464  daddsub_clz.o(x$fpl$dsub)
    __fpl_fcmp_Inf                           0x08010a89   Thumb Code    24  fcmpi.o(x$fpl$fcmpinf)
    __aeabi_ui2f                             0x08010aa1   Thumb Code     0  fflt_clz.o(x$fpl$ffltu)
    _ffltu                                   0x08010aa1   Thumb Code    38  fflt_clz.o(x$fpl$ffltu)
    __aeabi_cfcmple                          0x08010ac9   Thumb Code     0  fleqf.o(x$fpl$fleqf)
    _fcmple                                  0x08010ac9   Thumb Code   104  fleqf.o(x$fpl$fleqf)
    __fpl_fcmple_InfNaN                      0x08010b1b   Thumb Code     0  fleqf.o(x$fpl$fleqf)
    __aeabi_fmul                             0x08010b31   Thumb Code     0  fmul.o(x$fpl$fmul)
    _fmul                                    0x08010b31   Thumb Code   258  fmul.o(x$fpl$fmul)
    __fpl_fnaninf                            0x08010c33   Thumb Code   140  fnaninf.o(x$fpl$fnaninf)
    __fpl_fretinf                            0x08010cbf   Thumb Code    10  fretinf.o(x$fpl$fretinf)
    __aeabi_cfrcmple                         0x08010cc9   Thumb Code     0  frleqf.o(x$fpl$frleqf)
    _frcmple                                 0x08010cc9   Thumb Code    98  frleqf.o(x$fpl$frleqf)
    _printf_fp_dec                           0x08010d2b   Thumb Code     4  printf1.o(x$fpl$printf1)
    __fpl_return_NaN                         0x08010d2f   Thumb Code   100  retnan.o(x$fpl$retnan)
    __ARM_scalbn                             0x08010d93   Thumb Code    92  scalbn.o(x$fpl$scalbn)
    __fpl_cmpreturn                          0x08010def   Thumb Code    48  trapv.o(x$fpl$trapveneer)
    __I$use$fp                               0x08010e1e   Number         0  usenofp.o(x$fpl$usenofp)
    auchCRCHi                                0x08010e30   Data         256  crc8_16.o(.constdata)
    auchCRCLo                                0x08010f30   Data         256  crc8_16.o(.constdata)
    devicename                               0x08011038   Data          64  my_debug.o(.constdata)
    __mathlib_zero                           0x08011140   Data           8  qnan.o(.constdata)
    Region$$Table$$Base                      0x080112bc   Number         0  anon$$obj.o(Region$$Table)
    Region$$Table$$Limit                     0x080112dc   Number         0  anon$$obj.o(Region$$Table)
    __ctype                                  0x080112e9   Data           0  lc_ctype_c.o(locale$$data)
    SystemCoreClock                          0x20000004   Data           4  system_stm32f10x.o(.data)
    AHBPrescTable                            0x20000008   Data          16  system_stm32f10x.o(.data)
    LCD_FOCUS                                0x2000002a   Data           1  lcd.o(.data)
    RS485_RX_CNT                             0x2000002b   Data           1  lcd.o(.data)
    DEVICE_NUM                               0x2000004c   Data          40  rf.o(.data)
    RF_FOCUS                                 0x20000074   Data           1  rf.o(.data)
    USART_RX_STA                             0x2000007a   Data           2  rf.o(.data)
    __stdout                                 0x20000080   Data           4  rf.o(.data)
    Phy_Addr                                 0x20000085   Data           6  w5500.o(.data)
    memtblsize                               0x2000008c   Data           4  malloc.o(.data)
    memblksize                               0x20000090   Data           4  malloc.o(.data)
    memsize                                  0x20000094   Data           4  malloc.o(.data)
    BEEP_BUSY                                0x20000098   Data           1  beep.o(.data)
    sond                                     0x2000009c   Data           4  beep.o(.data)
    fatfs                                    0x200000c0   Data           8  fats.o(.data)
    file                                     0x200000c8   Data           4  fats.o(.data)
    ftemp                                    0x200000cc   Data           4  fats.o(.data)
    file_br                                  0x200000d0   Data           4  fats.o(.data)
    file_bw                                  0x200000d4   Data           4  fats.o(.data)
    file_buf                                 0x200000d8   Data           4  fats.o(.data)
    FATS_STATE                               0x200000dc   Data           1  fats.o(.data)
    DBG_FATS                                 0x200000dd   Data           1  fats.o(.data)
    SD_Type                                  0x200000de   Data           1  mmc_sd.o(.data)
    SPI_FLASH_TYPE                           0x200000e0   Data           2  flash.o(.data)
    Transaction                              0x200000f0   Data           4  dhcp.o(.data)
    Sub_Mask                                 0x200000f4   Data           4  dhcp.o(.data)
    IP_Addr                                  0x200000f8   Data           4  dhcp.o(.data)
    Gateway_IP                               0x200000fc   Data           4  dhcp.o(.data)
    SERVER_IP                                0x20000100   Data           4  enternet.o(.data)
    SERVER_PORT                              0x20000104   Data           2  enternet.o(.data)
    DBG_COPY_TO_S1CK                         0x20000106   Data           1  wk_json.o(.data)
    OSRunning                                0x20000108   Data           4  os_task.o(.data)
    OSPrioCur                                0x2000010c   Data           4  os_task.o(.data)
    OSPrioHighRdy                            0x20000110   Data           4  os_task.o(.data)
    OSTCBCur                                 0x20000114   Data           4  os_task.o(.data)
    OSTCBHighRdy                             0x20000118   Data           4  os_task.o(.data)
    OSIntNesting                             0x2000011c   Data           4  os_task.o(.data)
    OSIntExit                                0x20000120   Data           4  os_task.o(.data)
    OS_ONLYME                                0x20000124   Data           1  os_task.o(.data)
    TASK_Free                                0x20000128   Data           4  os_task.o(.data)
    LCD_PAGE                                 0x2000013e   Data           6  my_lcd.o(.data)
    LCD_STATE                                0x20000144   Data           8  my_lcd.o(.data)
    LCD_SET_DATA                             0x2000014c   Data           8  my_lcd.o(.data)
    LCD_GET_DATA                             0x20000154   Data           7  my_lcd.o(.data)
    NET_STATE                                0x20000185   Data           1  my_w5500.o(.data)
    NET_S0_STATE                             0x20000186   Data           1  my_w5500.o(.data)
    NET_S1_STATE                             0x20000187   Data           1  my_w5500.o(.data)
    NET_S2_STATE                             0x20000188   Data           1  my_w5500.o(.data)
    WK_FUCOS                                 0x20000189   Data           1  my_w5500.o(.data)
    DBG_INTER_STATE                          0x2000018a   Data           1  my_w5500.o(.data)
    IN_CFG                                   0x2000018c   Data           1  my_cfg.o(.data)
    DBG_OCHE                                 0x2000018e   Data           1  my_debug.o(.data)
    DBG_IP                                   0x2000018f   Data           4  my_debug.o(.data)
    DBG_PORT                                 0x20000194   Data           2  my_debug.o(.data)
    my_keytack                               0x200001b0   Data         256  main.o(.bss)
    my_lcdtack                               0x200002b0   Data         512  main.o(.bss)
    rf_looptack                              0x200004b0   Data        1024  main.o(.bss)
    my_lighttack                             0x200008b0   Data         512  main.o(.bss)
    my_rf_handtack                           0x20000ab0   Data        1024  main.o(.bss)
    my_rf_dealtack                           0x20000eb0   Data         256  main.o(.bss)
    my_w5500tack                             0x20000fb0   Data        1024  main.o(.bss)
    my_autotack                              0x200013b0   Data         512  main.o(.bss)
    my_cfgtack                               0x200015b0   Data         512  main.o(.bss)
    RS485_RX_BUF                             0x200017b0   Data          30  lcd.o(.bss)
    EN_DATA                                  0x2000194e   Data          25  rf.o(.bss)
    USART_RX_BUF                             0x20001967   Data         200  rf.o(.bss)
    MY_CMD                                   0x20001a2f   Data          58  rf.o(.bss)
    mallco_dev                               0x20001a6c   Data          20  malloc.o(.bss)
    ALL_PARAMETERS                           0x20001a80   Data         440  data_map.o(.bss)
    my_messeg                                0x20001c38   Data         300  os_msg.o(.bss)
    TCB_Table                                0x20001d64   Data         512  os_task.o(.bss)
    my_lcdsleeptack                          0x20001f64   Data         256  my_lcd.o(.bss)
    __libspace_start                         0x20002064   Data          96  libspace.o(.bss)
    __temporary_stack_top$libspace           0x200020c4   Data           0  libspace.o(.bss)



==============================================================================

Memory Map of the image

  Image Entry point : 0x08002931

  Load Region LR_IROM1 (Base: 0x08002800, Size: 0x0000edb4, Max: 0x0000fc00, ABSOLUTE, COMPRESSED[0x0000ec88])

    Execution Region ER_IROM1 (Base: 0x08002800, Size: 0x0000ec08, Max: 0x0000fc00, ABSOLUTE)

    Base Addr    Size         Type   Attr      Idx    E Section Name        Object

    0x08002800   0x00000130   Data   RO         3074    RESET               startup_stm32f10x_hd.o
    0x08002930   0x00000008   Code   RO         4674  * !!!main             c_w.l(__main.o)
    0x08002938   0x00000034   Code   RO         5050    !!!scatter          c_w.l(__scatter.o)
    0x0800296c   0x0000005a   Code   RO         5048    !!dczerorl2         c_w.l(__dczerorl2.o)
    0x080029c6   0x00000002   PAD
    0x080029c8   0x0000001c   Code   RO         5052    !!handler_zi        c_w.l(__scatter_zi.o)
    0x080029e4   0x00000000   Code   RO         4655    .ARM.Collect$$_printf_percent$$00000000  c_w.l(_printf_percent.o)
    0x080029e4   0x00000006   Code   RO         4653    .ARM.Collect$$_printf_percent$$00000003  c_w.l(_printf_f.o)
    0x080029ea   0x00000006   Code   RO         4654    .ARM.Collect$$_printf_percent$$00000004  c_w.l(_printf_e.o)
    0x080029f0   0x00000006   Code   RO         4652    .ARM.Collect$$_printf_percent$$00000009  c_w.l(_printf_d.o)
    0x080029f6   0x00000006   Code   RO         4651    .ARM.Collect$$_printf_percent$$0000000C  c_w.l(_printf_x.o)
    0x080029fc   0x00000006   Code   RO         4650    .ARM.Collect$$_printf_percent$$00000014  c_w.l(_printf_s.o)
    0x08002a02   0x00000004   Code   RO         4782    .ARM.Collect$$_printf_percent$$00000017  c_w.l(_printf_percent_end.o)
    0x08002a06   0x00000002   Code   RO         4988    .ARM.Collect$$libinit$$00000000  c_w.l(libinit.o)
    0x08002a08   0x00000000   Code   RO         4788    .ARM.Collect$$libinit$$00000002  c_w.l(libinit2.o)
    0x08002a08   0x00000000   Code   RO         4790    .ARM.Collect$$libinit$$00000004  c_w.l(libinit2.o)
    0x08002a08   0x00000008   Code   RO         4791    .ARM.Collect$$libinit$$00000005  c_w.l(libinit2.o)
    0x08002a10   0x00000000   Code   RO         4793    .ARM.Collect$$libinit$$0000000A  c_w.l(libinit2.o)
    0x08002a10   0x00000000   Code   RO         4795    .ARM.Collect$$libinit$$0000000C  c_w.l(libinit2.o)
    0x08002a10   0x00000000   Code   RO         4797    .ARM.Collect$$libinit$$0000000E  c_w.l(libinit2.o)
    0x08002a10   0x00000006   Code   RO         4798    .ARM.Collect$$libinit$$0000000F  c_w.l(libinit2.o)
    0x08002a16   0x00000000   Code   RO         4800    .ARM.Collect$$libinit$$00000011  c_w.l(libinit2.o)
    0x08002a16   0x0000000c   Code   RO         4801    .ARM.Collect$$libinit$$00000012  c_w.l(libinit2.o)
    0x08002a22   0x00000000   Code   RO         4802    .ARM.Collect$$libinit$$00000013  c_w.l(libinit2.o)
    0x08002a22   0x00000000   Code   RO         4804    .ARM.Collect$$libinit$$00000015  c_w.l(libinit2.o)
    0x08002a22   0x0000000a   Code   RO         4805    .ARM.Collect$$libinit$$00000016  c_w.l(libinit2.o)
    0x08002a2c   0x00000000   Code   RO         4806    .ARM.Collect$$libinit$$00000017  c_w.l(libinit2.o)
    0x08002a2c   0x00000000   Code   RO         4808    .ARM.Collect$$libinit$$00000019  c_w.l(libinit2.o)
    0x08002a2c   0x00000000   Code   RO         4810    .ARM.Collect$$libinit$$0000001B  c_w.l(libinit2.o)
    0x08002a2c   0x00000000   Code   RO         4812    .ARM.Collect$$libinit$$0000001D  c_w.l(libinit2.o)
    0x08002a2c   0x00000000   Code   RO         4814    .ARM.Collect$$libinit$$0000001F  c_w.l(libinit2.o)
    0x08002a2c   0x00000000   Code   RO         4816    .ARM.Collect$$libinit$$00000021  c_w.l(libinit2.o)
    0x08002a2c   0x00000000   Code   RO         4818    .ARM.Collect$$libinit$$00000023  c_w.l(libinit2.o)
    0x08002a2c   0x00000000   Code   RO         4820    .ARM.Collect$$libinit$$00000025  c_w.l(libinit2.o)
    0x08002a2c   0x00000000   Code   RO         4824    .ARM.Collect$$libinit$$0000002C  c_w.l(libinit2.o)
    0x08002a2c   0x00000000   Code   RO         4826    .ARM.Collect$$libinit$$0000002E  c_w.l(libinit2.o)
    0x08002a2c   0x00000000   Code   RO         4828    .ARM.Collect$$libinit$$00000030  c_w.l(libinit2.o)
    0x08002a2c   0x00000000   Code   RO         4830    .ARM.Collect$$libinit$$00000032  c_w.l(libinit2.o)
    0x08002a2c   0x00000002   Code   RO         4831    .ARM.Collect$$libinit$$00000033  c_w.l(libinit2.o)
    0x08002a2e   0x00000002   Code   RO         5045    .ARM.Collect$$libshutdown$$00000000  c_w.l(libshutdown.o)
    0x08002a30   0x00000000   Code   RO         5003    .ARM.Collect$$libshutdown$$00000003  c_w.l(libshutdown2.o)
    0x08002a30   0x00000000   Code   RO         5006    .ARM.Collect$$libshutdown$$00000006  c_w.l(libshutdown2.o)
    0x08002a30   0x00000000   Code   RO         5009    .ARM.Collect$$libshutdown$$00000009  c_w.l(libshutdown2.o)
    0x08002a30   0x00000000   Code   RO         5011    .ARM.Collect$$libshutdown$$0000000B  c_w.l(libshutdown2.o)
    0x08002a30   0x00000000   Code   RO         5014    .ARM.Collect$$libshutdown$$0000000E  c_w.l(libshutdown2.o)
    0x08002a30   0x00000002   Code   RO         5015    .ARM.Collect$$libshutdown$$0000000F  c_w.l(libshutdown2.o)
    0x08002a32   0x00000000   Code   RO         4742    .ARM.Collect$$rtentry$$00000000  c_w.l(__rtentry.o)
    0x08002a32   0x00000000   Code   RO         4880    .ARM.Collect$$rtentry$$00000002  c_w.l(__rtentry2.o)
    0x08002a32   0x00000006   Code   RO         4892    .ARM.Collect$$rtentry$$00000004  c_w.l(__rtentry4.o)
    0x08002a38   0x00000000   Code   RO         4882    .ARM.Collect$$rtentry$$00000009  c_w.l(__rtentry2.o)
    0x08002a38   0x00000004   Code   RO         4883    .ARM.Collect$$rtentry$$0000000A  c_w.l(__rtentry2.o)
    0x08002a3c   0x00000000   Code   RO         4885    .ARM.Collect$$rtentry$$0000000C  c_w.l(__rtentry2.o)
    0x08002a3c   0x00000008   Code   RO         4886    .ARM.Collect$$rtentry$$0000000D  c_w.l(__rtentry2.o)
    0x08002a44   0x00000002   Code   RO         4991    .ARM.Collect$$rtexit$$00000000  c_w.l(rtexit.o)
    0x08002a46   0x00000000   Code   RO         5019    .ARM.Collect$$rtexit$$00000002  c_w.l(rtexit2.o)
    0x08002a46   0x00000004   Code   RO         5020    .ARM.Collect$$rtexit$$00000003  c_w.l(rtexit2.o)
    0x08002a4a   0x00000006   Code   RO         5021    .ARM.Collect$$rtexit$$00000004  c_w.l(rtexit2.o)
    0x08002a50   0x00000000   Code   RO         4906    .emb_text           c_w.l(maybetermalloc1.o)
    0x08002a50   0x000000b8   Code   RO         2144    .text               os_cpu_a.o
    0x08002b08   0x0000003c   Code   RO         3075    .text               startup_stm32f10x_hd.o
    0x08002b44   0x00000002   Code   RO         4531    .text               c_w.l(use_no_semi_2.o)
    0x08002b46   0x0000005e   Code   RO         4537    .text               c_w.l(h1_alloc.o)
    0x08002ba4   0x0000004e   Code   RO         4539    .text               c_w.l(h1_free.o)
    0x08002bf2   0x0000001a   Code   RO         4595    .text               c_w.l(tolower.o)
    0x08002c0c   0x00000028   Code   RO         4599    .text               c_w.l(noretval__2sprintf.o)
    0x08002c34   0x0000004e   Code   RO         4603    .text               c_w.l(_printf_pad.o)
    0x08002c82   0x00000052   Code   RO         4605    .text               c_w.l(_printf_str.o)
    0x08002cd4   0x00000078   Code   RO         4607    .text               c_w.l(_printf_dec.o)
    0x08002d4c   0x00000058   Code   RO         4612    .text               c_w.l(_printf_hex_int.o)
    0x08002da4   0x00000138   Code   RO         4642    .text               c_w.l(__printf_flags_wp.o)
    0x08002edc   0x00000014   Code   RO         4656    .text               c_w.l(strchr.o)
    0x08002ef0   0x00000048   Code   RO         4658    .text               c_w.l(strcpy.o)
    0x08002f38   0x0000003e   Code   RO         4660    .text               c_w.l(strlen.o)
    0x08002f76   0x00000096   Code   RO         4662    .text               c_w.l(strncmp.o)
    0x0800300c   0x0000008a   Code   RO         4664    .text               c_w.l(rt_memcpy_v6.o)
    0x08003096   0x00000044   Code   RO         4666    .text               c_w.l(rt_memclr.o)
    0x080030da   0x0000004e   Code   RO         4668    .text               c_w.l(rt_memclr_w.o)
    0x08003128   0x00000080   Code   RO         4670    .text               c_w.l(strcmpv7m.o)
    0x080031a8   0x00000006   Code   RO         4672    .text               c_w.l(heapauxi.o)
    0x080031ae   0x00000002   Code   RO         4738    .text               c_w.l(use_no_semi.o)
    0x080031b0   0x00000010   Code   RO         4743    .text               c_w.l(rt_ctype_table.o)
    0x080031c0   0x00000008   Code   RO         4748    .text               c_w.l(rt_heap_descriptor_intlibspace.o)
    0x080031c8   0x00000004   Code   RO         4750    .text               c_w.l(hguard.o)
    0x080031cc   0x0000008a   Code   RO         4752    .text               c_w.l(init_alloc.o)
    0x08003256   0x0000000e   Code   RO         4756    .text               c_w.l(h1_init.o)
    0x08003264   0x00000016   Code   RO         4770    .text               c_w.l(_rserrno.o)
    0x0800327a   0x000000b2   Code   RO         4772    .text               c_w.l(_printf_intcommon.o)
    0x0800332c   0x0000041a   Code   RO         4774    .text               c_w.l(_printf_fp_dec.o)
    0x08003746   0x00000002   PAD
    0x08003748   0x00000030   Code   RO         4776    .text               c_w.l(_printf_char_common.o)
    0x08003778   0x0000000a   Code   RO         4778    .text               c_w.l(_sputc.o)
    0x08003782   0x0000002c   Code   RO         4780    .text               c_w.l(_printf_char.o)
    0x080037ae   0x00000064   Code   RO         4783    .text               c_w.l(rt_memcpy_w.o)
    0x08003812   0x00000002   PAD
    0x08003814   0x00000008   Code   RO         4876    .text               c_w.l(libspace.o)
    0x0800381c   0x00000008   Code   RO         4897    .text               c_w.l(rt_locale_intlibspace.o)
    0x08003824   0x00000008   Code   RO         4902    .text               c_w.l(rt_errno_addr_intlibspace.o)
    0x0800382c   0x00000034   Code   RO         4908    .text               c_w.l(h1_extend.o)
    0x08003860   0x0000008a   Code   RO         4912    .text               c_w.l(lludiv10.o)
    0x080038ea   0x00000002   PAD
    0x080038ec   0x00000080   Code   RO         4914    .text               c_w.l(_printf_fp_infnan.o)
    0x0800396c   0x000000dc   Code   RO         4918    .text               c_w.l(bigflt0.o)
    0x08003a48   0x0000000e   Code   RO         4949    .text               c_w.l(defsig_rtmem_outer.o)
    0x08003a56   0x0000004a   Code   RO         4967    .text               c_w.l(sys_stackheap_outer.o)
    0x08003aa0   0x0000000c   Code   RO         4973    .text               c_w.l(exit.o)
    0x08003aac   0x0000000a   Code   RO         4975    .text               c_w.l(defsig_exit.o)
    0x08003ab6   0x00000002   PAD
    0x08003ab8   0x00000050   Code   RO         4977    .text               c_w.l(defsig_rtmem_inner.o)
    0x08003b08   0x00000032   Code   RO         4999    .text               c_w.l(defsig_general.o)
    0x08003b3a   0x0000003e   Code   RO         4921    CL$$btod_d2e        c_w.l(btod.o)
    0x08003b78   0x00000046   Code   RO         4923    CL$$btod_d2e_denorm_low  c_w.l(btod.o)
    0x08003bbe   0x00000060   Code   RO         4922    CL$$btod_d2e_norm_op1  c_w.l(btod.o)
    0x08003c1e   0x00000338   Code   RO         4931    CL$$btod_div_common  c_w.l(btod.o)
    0x08003f56   0x000000c6   Code   RO         4928    CL$$btod_e2e        c_w.l(btod.o)
    0x0800401c   0x00000028   Code   RO         4925    CL$$btod_ediv       c_w.l(btod.o)
    0x08004044   0x00000028   Code   RO         4924    CL$$btod_emul       c_w.l(btod.o)
    0x0800406c   0x00000244   Code   RO         4930    CL$$btod_mult_common  c_w.l(btod.o)
    0x080042b0   0x0000002c   Code   RO         2341    i.AutoCtr           my_lcd.o
    0x080042dc   0x00000048   Code   RO         2342    i.Auto_sleep        my_lcd.o
    0x08004324   0x00000040   Code   RO         1052    i.BEEP_Init         beep.o
    0x08004364   0x00000034   Code   RO         2343    i.BUT_DOWN_HUMI     my_lcd.o
    0x08004398   0x00000032   Code   RO         2344    i.BUT_DOWN_TEMP     my_lcd.o
    0x080043ca   0x00000034   Code   RO         2345    i.BUT_PM            my_lcd.o
    0x080043fe   0x00000036   Code   RO         2346    i.BUT_UP_HUMI       my_lcd.o
    0x08004434   0x00000034   Code   RO         2347    i.BUT_UP_TEMP       my_lcd.o
    0x08004468   0x000000fc   Code   RO         1053    i.Beep_Play         beep.o
    0x08004564   0x00000004   Code   RO          235    i.BusFault_Handler  stm32f10x_it.o
    0x08004568   0x00000030   Code   RO         2544    i.CheckId           my_rf.o
    0x08004598   0x0000001c   Code   RO          613    i.Clear_Mycmd       rf.o
    0x080045b4   0x000000d6   Code   RO         2545    i.Cmd_0x01          my_rf.o
    0x0800468a   0x000000fe   Code   RO         2546    i.Cmd_0x03          my_rf.o
    0x08004788   0x0000004c   Code   RO         2197    i.CreateTask        os_task.o
    0x080047d4   0x00000004   Code   RO          236    i.DebugMon_Handler  stm32f10x_it.o
    0x080047d8   0x0000000c   Code   RO          808    i.Delay             w5500.o
    0x080047e4   0x000001ae   Code   RO         2547    i.Device_state_see  my_rf.o
    0x08004992   0x00000002   PAD
    0x08004994   0x000000b8   Code   RO         2659    i.EXTI4_IRQHandler  my_w5500.o
    0x08004a4c   0x0000000c   Code   RO         4476    i.EXTI_ClearITPendingBit  stm32f10x_exti.o
    0x08004a58   0x00000028   Code   RO         4480    i.EXTI_GetITStatus  stm32f10x_exti.o
    0x08004a80   0x00000094   Code   RO         4481    i.EXTI_Init         stm32f10x_exti.o
    0x08004b14   0x0000004c   Code   RO         3614    i.FLASH_ErasePage   stm32f10x_flash.o
    0x08004b60   0x00000034   Code   RO         3615    i.FLASH_GetBank1Status  stm32f10x_flash.o
    0x08004b94   0x00000014   Code   RO         3624    i.FLASH_Lock        stm32f10x_flash.o
    0x08004ba8   0x00000040   Code   RO         3627    i.FLASH_ProgramHalfWord  stm32f10x_flash.o
    0x08004be8   0x00000018   Code   RO         3632    i.FLASH_Unlock      stm32f10x_flash.o
    0x08004c00   0x00000026   Code   RO         3636    i.FLASH_WaitForLastOperation  stm32f10x_flash.o
    0x08004c26   0x00000002   PAD
    0x08004c28   0x00000040   Code   RO         3082    i.GPIO_EXTILineConfig  stm32f10x_gpio.o
    0x08004c68   0x00000116   Code   RO         3085    i.GPIO_Init         stm32f10x_gpio.o
    0x08004d7e   0x00000002   PAD
    0x08004d80   0x00000090   Code   RO         3087    i.GPIO_PinRemapConfig  stm32f10x_gpio.o
    0x08004e10   0x00000008   Code   RO         3088    i.GPIO_ReadInputData  stm32f10x_gpio.o
    0x08004e18   0x00000004   Code   RO         3092    i.GPIO_ResetBits    stm32f10x_gpio.o
    0x08004e1c   0x00000004   Code   RO         3093    i.GPIO_SetBits      stm32f10x_gpio.o
    0x08004e20   0x00000008   Code   RO          614    i.GetCJDataAddr     rf.o
    0x08004e28   0x00000008   Code   RO         2548    i.GetCfgData        my_rf.o
    0x08004e30   0x0000003c   Code   RO         2549    i.GetDeviceNum      my_rf.o
    0x08004e6c   0x00000040   Code   RO         2550    i.GetDeviceState    my_rf.o
    0x08004eac   0x0000003c   Code   RO         2551    i.GetDeviceType     my_rf.o
    0x08004ee8   0x0000004c   Code   RO         2552    i.GetNextDeviceaddr  my_rf.o
    0x08004f34   0x00000060   Code   RO          615    i.Get_BuffData      rf.o
    0x08004f94   0x00000038   Code   RO         1430    i.Get_Crc16         crc8_16.o
    0x08004fcc   0x00000018   Code   RO          355    i.Get_Key           key.o
    0x08004fe4   0x0000000c   Code   RO          616    i.Get_MyAddr        rf.o
    0x08004ff0   0x00000008   Code   RO          617    i.Get_MyIP          rf.o
    0x08004ff8   0x00000024   Code   RO          618    i.Get_Mycmd         rf.o
    0x0800501c   0x00000098   Code   RO         2348    i.Hand_Set_Init     my_lcd.o
    0x080050b4   0x00000004   Code   RO          237    i.HardFault_Handler  stm32f10x_it.o
    0x080050b8   0x00000034   Code   RO         2349    i.Into_Senior       my_lcd.o
    0x080050ec   0x000001dc   Code   RO          356    i.KEY_IRQHandler    key.o
    0x080052c8   0x00000040   Code   RO          357    i.Key_Init          key.o
    0x08005308   0x000000f0   Code   RO          393    i.LCD_Init          lcd.o
    0x080053f8   0x00000040   Code   RO          394    i.LCD_Receive_Data  lcd.o
    0x08005438   0x00000054   Code   RO          395    i.LCD_Send_Data     lcd.o
    0x0800548c   0x00000010   Code   RO          396    i.LCD_SetFocus      lcd.o
    0x0800549c   0x00000024   Code   RO         2350    i.LCD_tolight       my_lcd.o
    0x080054c0   0x00000024   Code   RO         2351    i.LCD_tosleep       my_lcd.o
    0x080054e4   0x0000000c   Code   RO          397    i.Lcd_GetHandstate  lcd.o
    0x080054f0   0x00000018   Code   RO          398    i.Lcd_GetLimitData  lcd.o
    0x08005508   0x0000000c   Code   RO          399    i.Lcd_SetHandstate  lcd.o
    0x08005514   0x000000a0   Code   RO          460    i.Light_init        light.o
    0x080055b4   0x00000070   Code   RO         1813    i.Load_Config       data_map.o
    0x08005624   0x00000074   Code   RO         1814    i.Load_LCD          data_map.o
    0x08005698   0x00000050   Code   RO          809    i.Load_Net_Parameters  w5500.o
    0x080056e8   0x0000007c   Code   RO         1055    i.Load_down         beep.o
    0x08005764   0x0000007c   Code   RO         1060    i.Load_up           beep.o
    0x080057e0   0x00000004   Code   RO          238    i.MemManage_Handler  stm32f10x_it.o
    0x080057e4   0x00000004   Code   RO          239    i.NMI_Handler       stm32f10x_it.o
    0x080057e8   0x00000070   Code   RO         3573    i.NVIC_Init         misc.o
    0x08005858   0x00000014   Code   RO         3574    i.NVIC_PriorityGroupConfig  misc.o
    0x0800586c   0x00000014   Code   RO         3575    i.NVIC_SetVectorTable  misc.o
    0x08005880   0x00000024   Code   RO          240    i.NVIC_SystemReset  stm32f10x_it.o
    0x080058a4   0x00000054   Code   RO         2198    i.OSStart           os_task.o
    0x080058f8   0x0000009a   Code   RO         2132    i.OSTaskStkInit     os_cpu_c.o
    0x08005992   0x00000002   PAD
    0x08005994   0x00000020   Code   RO         2199    i.OS_Enter_Onlyme   os_task.o
    0x080059b4   0x0000005c   Code   RO         2200    i.OS_Exit_Onlyme    os_task.o
    0x08005a10   0x0000001c   Code   RO         2201    i.OS_TCBInit        os_task.o
    0x08005a2c   0x00000020   Code   RO         3195    i.RCC_APB1PeriphClockCmd  stm32f10x_rcc.o
    0x08005a4c   0x00000020   Code   RO         3196    i.RCC_APB1PeriphResetCmd  stm32f10x_rcc.o
    0x08005a6c   0x00000020   Code   RO         3197    i.RCC_APB2PeriphClockCmd  stm32f10x_rcc.o
    0x08005a8c   0x00000020   Code   RO         3198    i.RCC_APB2PeriphResetCmd  stm32f10x_rcc.o
    0x08005aac   0x000000d4   Code   RO         3205    i.RCC_GetClocksFreq  stm32f10x_rcc.o
    0x08005b80   0x00000034   Code   RO         3213    i.RCC_LSEConfig     stm32f10x_rcc.o
    0x08005bb4   0x00000038   Code   RO          619    i.RF1_tx_bytes      rf.o
    0x08005bec   0x0000003c   Code   RO          620    i.RF_Get            rf.o
    0x08005c28   0x000000d8   Code   RO          621    i.RF_GetCmd         rf.o
    0x08005d00   0x00000138   Code   RO          622    i.RF_Init           rf.o
    0x08005e38   0x00000090   Code   RO          623    i.RF_SetChannel     rf.o
    0x08005ec8   0x00000010   Code   RO          624    i.RF_SetFocus       rf.o
    0x08005ed8   0x00000128   Code   RO          810    i.Read_SOCK_Data_Buffer  w5500.o
    0x08006000   0x00000044   Code   RO          811    i.Read_W5500_1Byte  w5500.o
    0x08006044   0x00000050   Code   RO          812    i.Read_W5500_SOCK_1Byte  w5500.o
    0x08006094   0x00000068   Code   RO          813    i.Read_W5500_SOCK_2Byte  w5500.o
    0x080060fc   0x00000034   Code   RO          598    i.Relay_Init        relay.o
    0x08006130   0x00000014   Code   RO         1171    i.SD_DisSelect      mmc_sd.o
    0x08006144   0x0000002a   Code   RO         1173    i.SD_GetCSD         mmc_sd.o
    0x0800616e   0x00000026   Code   RO         1174    i.SD_GetResponse    mmc_sd.o
    0x08006194   0x00000076   Code   RO         1175    i.SD_GetSectorCount  mmc_sd.o
    0x0800620a   0x00000002   PAD
    0x0800620c   0x00000188   Code   RO         1176    i.SD_Initialize     mmc_sd.o
    0x08006394   0x00000074   Code   RO         1177    i.SD_ReadDisk       mmc_sd.o
    0x08006408   0x00000038   Code   RO         1178    i.SD_RecvData       mmc_sd.o
    0x08006440   0x00000012   Code   RO         1179    i.SD_Reset          mmc_sd.o
    0x08006452   0x00000002   PAD
    0x08006454   0x00000040   Code   RO         1180    i.SD_SPI_Init       mmc_sd.o
    0x08006494   0x0000000c   Code   RO         1181    i.SD_SPI_ReadWriteByte  mmc_sd.o
    0x080064a0   0x0000000a   Code   RO         1182    i.SD_SPI_SpeedHigh  mmc_sd.o
    0x080064aa   0x0000000a   Code   RO         1183    i.SD_SPI_SpeedLow   mmc_sd.o
    0x080064b4   0x00000020   Code   RO         1184    i.SD_Select         mmc_sd.o
    0x080064d4   0x00000052   Code   RO         1185    i.SD_SendBlock      mmc_sd.o
    0x08006526   0x00000078   Code   RO         1186    i.SD_SendCmd        mmc_sd.o
    0x0800659e   0x00000022   Code   RO         1187    i.SD_WaitReady      mmc_sd.o
    0x080065c0   0x00000090   Code   RO         1188    i.SD_WriteDisk      mmc_sd.o
    0x08006650   0x00000020   Code   RO          814    i.SPI1_Send_Byte    w5500.o
    0x08006670   0x0000001c   Code   RO          815    i.SPI1_Send_Short   w5500.o
    0x0800668c   0x00000094   Code   RO         1298    i.SPI2_Init         spi.o
    0x08006720   0x00000054   Code   RO         1299    i.SPI2_ReadWriteByte  spi.o
    0x08006774   0x00000028   Code   RO         1300    i.SPI2_SetSpeed     spi.o
    0x0800679c   0x00000018   Code   RO         4336    i.SPI_Cmd           stm32f10x_spi.o
    0x080067b4   0x000000a4   Code   RO          816    i.SPI_Configuration  w5500.o
    0x08006858   0x0000006c   Code   RO         1327    i.SPI_Flash_Init    flash.o
    0x080068c4   0x00000048   Code   RO         1330    i.SPI_Flash_ReadID  flash.o
    0x0800690c   0x00000012   Code   RO         4344    i.SPI_I2S_GetFlagStatus  stm32f10x_spi.o
    0x0800691e   0x00000006   Code   RO         4347    i.SPI_I2S_ReceiveData  stm32f10x_spi.o
    0x08006924   0x00000004   Code   RO         4348    i.SPI_I2S_SendData  stm32f10x_spi.o
    0x08006928   0x0000003c   Code   RO         4349    i.SPI_Init          stm32f10x_spi.o
    0x08006964   0x0000002e   Code   RO          768    i.STMFLASH_Read     stmflash.o
    0x08006992   0x00000006   Code   RO          769    i.STMFLASH_ReadHalfWord  stmflash.o
    0x08006998   0x00000218   Code   RO          770    i.STMFLASH_Write    stmflash.o
    0x08006bb0   0x00000026   Code   RO          771    i.STMFLASH_Write_NoCheck  stmflash.o
    0x08006bd6   0x00000002   Code   RO          241    i.SVC_Handler       stm32f10x_it.o
    0x08006bd8   0x00000018   Code   RO         1815    i.Save_Config       data_map.o
    0x08006bf0   0x00000018   Code   RO         1816    i.Save_LCD          data_map.o
    0x08006c08   0x00000028   Code   RO          625    i.See_BuffData      rf.o
    0x08006c30   0x00000024   Code   RO          626    i.See_BuffNextData  rf.o
    0x08006c54   0x00000008   Code   RO          317    i.SetSysClock       system_stm32f10x.o
    0x08006c5c   0x000000e0   Code   RO          318    i.SetSysClockTo72   system_stm32f10x.o
    0x08006d3c   0x00000060   Code   RO          627    i.Set_Device        rf.o
    0x08006d9c   0x000000c4   Code   RO         2352    i.Set_Init          my_lcd.o
    0x08006e60   0x0000000c   Code   RO          628    i.Set_MyAddr        rf.o
    0x08006e6c   0x00000024   Code   RO          629    i.Set_MyIP          rf.o
    0x08006e90   0x00000274   Code   RO         2353    i.Set_Save          my_lcd.o
    0x08007104   0x0000002a   Code   RO          818    i.Socket_Init       w5500.o
    0x0800712e   0x0000003c   Code   RO          820    i.Socket_UDP        w5500.o
    0x0800716a   0x00000002   PAD
    0x0800716c   0x00000034   Code   RO         2104    i.SysPowerOff       power.o
    0x080071a0   0x00000034   Code   RO         2105    i.SysPowerOn        power.o
    0x080071d4   0x00000028   Code   RO         3577    i.SysTick_CLKSourceConfig  misc.o
    0x080071fc   0x00000048   Code   RO         3030    i.SysTick_Handler   delay.o
    0x08007244   0x00000030   Code   RO         2106    i.Sys_Init          power.o
    0x08007274   0x00000060   Code   RO          320    i.SystemInit        system_stm32f10x.o
    0x080072d4   0x0000001c   Code   RO         1061    i.TIM3_IRQHandler   beep.o
    0x080072f0   0x00000020   Code   RO          358    i.TIM4_IRQHandler   key.o
    0x08007310   0x00000060   Code   RO         1062    i.TIME3_Init        beep.o
    0x08007370   0x00000060   Code   RO          359    i.TIME4_Init        key.o
    0x080073d0   0x00000006   Code   RO         3794    i.TIM_ClearITPendingBit  stm32f10x_tim.o
    0x080073d6   0x00000018   Code   RO         3799    i.TIM_Cmd           stm32f10x_tim.o
    0x080073ee   0x00000022   Code   RO         3820    i.TIM_GetITStatus   stm32f10x_tim.o
    0x08007410   0x00000012   Code   RO         3824    i.TIM_ITConfig      stm32f10x_tim.o
    0x08007422   0x00000002   PAD
    0x08007424   0x000000a4   Code   RO         3870    i.TIM_TimeBaseInit  stm32f10x_tim.o
    0x080074c8   0x00000088   Code   RO         2202    i.TaskGetMsg        os_task.o
    0x08007550   0x0000006c   Code   RO         2203    i.TaskIntSendMsg    os_task.o
    0x080075bc   0x0000001c   Code   RO         2205    i.TaskPend          os_task.o
    0x080075d8   0x0000001c   Code   RO         2206    i.TaskRepend        os_task.o
    0x080075f4   0x00000070   Code   RO         2207    i.TaskSendMsg       os_task.o
    0x08007664   0x000002dc   Code   RO         2354    i.Time_Set          my_lcd.o
    0x08007940   0x000000e8   Code   RO          631    i.USART1_IRQHandler  rf.o
    0x08007a28   0x00000068   Code   RO          401    i.USART2_IRQHandler  lcd.o
    0x08007a90   0x00000012   Code   RO         3393    i.USART_ClearFlag   stm32f10x_usart.o
    0x08007aa2   0x00000018   Code   RO         3397    i.USART_Cmd         stm32f10x_usart.o
    0x08007aba   0x00000002   PAD
    0x08007abc   0x0000009c   Code   RO         3399    i.USART_DeInit      stm32f10x_usart.o
    0x08007b58   0x0000001a   Code   RO         3400    i.USART_GetFlagStatus  stm32f10x_usart.o
    0x08007b72   0x00000054   Code   RO         3401    i.USART_GetITStatus  stm32f10x_usart.o
    0x08007bc6   0x0000004a   Code   RO         3403    i.USART_ITConfig    stm32f10x_usart.o
    0x08007c10   0x000000d8   Code   RO         3404    i.USART_Init        stm32f10x_usart.o
    0x08007ce8   0x0000000a   Code   RO         3411    i.USART_ReceiveData  stm32f10x_usart.o
    0x08007cf2   0x00000008   Code   RO         3414    i.USART_SendData    stm32f10x_usart.o
    0x08007cfa   0x00000002   PAD
    0x08007cfc   0x00000080   Code   RO         2553    i.Updata_DeviceNum  my_rf.o
    0x08007d7c   0x00000064   Code   RO         2554    i.Updata_devicestate  my_rf.o
    0x08007de0   0x00000004   Code   RO          242    i.UsageFault_Handler  stm32f10x_it.o
    0x08007de4   0x00000054   Code   RO         1337    i.W25Q_ReadWriteByte  flash.o
    0x08007e38   0x00000084   Code   RO          821    i.W5500_GPIO_Configuration  w5500.o
    0x08007ebc   0x0000003c   Code   RO          822    i.W5500_Hardware_Reset  w5500.o
    0x08007ef8   0x00000078   Code   RO          823    i.W5500_Init        w5500.o
    0x08007f70   0x0000001e   Code   RO          824    i.W5500_Initialization  w5500.o
    0x08007f8e   0x00000002   PAD
    0x08007f90   0x000000d8   Code   RO          827    i.Write_SOCK_Data_Buffer  w5500.o
    0x08008068   0x00000030   Code   RO          828    i.Write_W5500_1Byte  w5500.o
    0x08008098   0x00000030   Code   RO          829    i.Write_W5500_2Byte  w5500.o
    0x080080c8   0x0000003c   Code   RO          830    i.Write_W5500_SOCK_1Byte  w5500.o
    0x08008104   0x0000003c   Code   RO          831    i.Write_W5500_SOCK_2Byte  w5500.o
    0x08008140   0x00000054   Code   RO          832    i.Write_W5500_SOCK_4Byte  w5500.o
    0x08008194   0x00000044   Code   RO          833    i.Write_W5500_nByte  w5500.o
    0x080081d8   0x00000028   Code   RO         4861    i.__ARM_fpclassify  m_ws.l(fpclassify.o)
    0x08008200   0x000000aa   Code   RO         4863    i.__kernel_poly     m_ws.l(poly.o)
    0x080082aa   0x00000002   PAD
    0x080082ac   0x00000010   Code   RO         4847    i.__mathlib_dbl_divzero  m_ws.l(dunder.o)
    0x080082bc   0x00000004   Code   RO         4849    i.__mathlib_dbl_infnan2  m_ws.l(dunder.o)
    0x080082c0   0x0000000c   Code   RO         4850    i.__mathlib_dbl_invalid  m_ws.l(dunder.o)
    0x080082cc   0x0000000e   Code   RO         4851    i.__mathlib_dbl_overflow  m_ws.l(dunder.o)
    0x080082da   0x00000002   PAD
    0x080082dc   0x00000010   Code   RO         4853    i.__mathlib_dbl_underflow  m_ws.l(dunder.o)
    0x080082ec   0x0000000e   Code   RO         4640    i._is_digit         c_w.l(__printf_wp.o)
    0x080082fa   0x00000008   Code   RO          632    i._sys_exit         rf.o
    0x08008302   0x00000002   Code   RO          633    i._ttywrch          rf.o
    0x08008304   0x0000002a   Code   RO         1456    i.cJSON_AddItemToArray  cjson.o
    0x0800832e   0x00000002   PAD
    0x08008330   0x00000030   Code   RO         1457    i.cJSON_AddItemToObject  cjson.o
    0x08008360   0x00000024   Code   RO         1465    i.cJSON_CreateNumber  cjson.o
    0x08008384   0x00000012   Code   RO         1466    i.cJSON_CreateObject  cjson.o
    0x08008396   0x0000001c   Code   RO         1467    i.cJSON_CreateString  cjson.o
    0x080083b2   0x00000002   PAD
    0x080083b4   0x00000050   Code   RO         1470    i.cJSON_Delete      cjson.o
    0x08008404   0x0000001e   Code   RO         1479    i.cJSON_GetObjectItem  cjson.o
    0x08008422   0x00000002   PAD
    0x08008424   0x00000040   Code   RO         1480    i.cJSON_InitHooks   cjson.o
    0x08008464   0x00000020   Code   RO         1482    i.cJSON_New_Item    cjson.o
    0x08008484   0x00000010   Code   RO         1483    i.cJSON_Parse       cjson.o
    0x08008494   0x00000064   Code   RO         1484    i.cJSON_ParseWithOpts  cjson.o
    0x080084f8   0x00000010   Code   RO         1486    i.cJSON_PrintUnformatted  cjson.o
    0x08008508   0x0000004c   Code   RO         1489    i.cJSON_strcasecmp  cjson.o
    0x08008554   0x0000002c   Code   RO         1490    i.cJSON_strdup      cjson.o
    0x08008580   0x000000e8   Code   RO         2797    i.cfg_0x01          my_cfg.o
    0x08008668   0x000000b8   Code   RO         2798    i.cfg_0x06          my_cfg.o
    0x08008720   0x00000048   Code   RO         2799    i.cfg_0x07          my_cfg.o
    0x08008768   0x00000094   Code   RO         2800    i.cfg_0x08          my_cfg.o
    0x080087fc   0x00000048   Code   RO         2801    i.cfg_0x09          my_cfg.o
    0x08008844   0x0000008c   Code   RO         2802    i.cfg_retern        my_cfg.o
    0x080088d0   0x00000018   Code   RO          634    i.copy_data         rf.o
    0x080088e8   0x00000150   Code   RO         2884    i.dbg_Interpreter   my_debug.o
    0x08008a38   0x00000068   Code   RO         2885    i.dbg_booting       my_debug.o
    0x08008aa0   0x00000194   Code   RO         2886    i.dbg_copydata      my_debug.o
    0x08008c34   0x000000f4   Code   RO         2887    i.dbg_devconfig     my_debug.o
    0x08008d28   0x00000054   Code   RO         2888    i.dbg_err           my_debug.o
    0x08008d7c   0x0000001c   Code   RO         2889    i.dbg_getdevname    my_debug.o
    0x08008d98   0x000000dc   Code   RO         2890    i.dbg_getdevstate   my_debug.o
    0x08008e74   0x000001a0   Code   RO         2891    i.dbg_help          my_debug.o
    0x08009014   0x00000608   Code   RO         2892    i.dbg_info          my_debug.o
    0x0800961c   0x00000094   Code   RO         2893    i.dbg_oche          my_debug.o
    0x080096b0   0x00000040   Code   RO         2894    i.dbg_reboot        my_debug.o
    0x080096f0   0x00000080   Code   RO         2895    i.dbg_setchanel     my_debug.o
    0x08009770   0x00000058   Code   RO         3031    i.delay_init        delay.o
    0x080097c8   0x00000034   Code   RO         3032    i.delay_ms          delay.o
    0x080097fc   0x00000050   Code   RO         3033    i.delay_us          delay.o
    0x0800984c   0x0000009c   Code   RO         1849    i.dhcp_ask          dhcp.o
    0x080098e8   0x0000025c   Code   RO         1850    i.dhcp_discover     dhcp.o
    0x08009b44   0x000002d4   Code   RO         1851    i.dhcp_request      dhcp.o
    0x08009e18   0x00000104   Code   RO         1852    i.dhcp_retry        dhcp.o
    0x08009f1c   0x0000003e   Code   RO         2803    i.exit_cfg          my_cfg.o
    0x08009f5a   0x00000002   PAD
    0x08009f5c   0x00000168   Code   RO         1146    i.fats_init         fats.o
    0x0800a0c4   0x0000000c   Code   RO         1147    i.fats_state        fats.o
    0x0800a0d0   0x00000030   Code   RO         2150    i.find_messeg       os_msg.o
    0x0800a100   0x000000dc   Code   RO         4725    i.floor             m_ws.l(floor.o)
    0x0800a1dc   0x00000080   Code   RO         2151    i.get_messeg        os_msg.o
    0x0800a25c   0x00000066   Code   RO         2555    i.get_newstate      my_rf.o
    0x0800a2c2   0x00000002   PAD
    0x0800a2c4   0x00000044   Code   RO         2804    i.into_cfg          my_cfg.o
    0x0800a308   0x00000008   Code   RO         1064    i.jianpu_end        beep.o
    0x0800a310   0x00000064   Code   RO         2021    i.json_get_devicname  wk_json.o
    0x0800a374   0x0000002c   Code   RO          463    i.key_around        light.o
    0x0800a3a0   0x0000002c   Code   RO          464    i.key_light         light.o
    0x0800a3cc   0x00000018   Code   RO          465    i.key_reset         light.o
    0x0800a3e4   0x000003d8   Code   RO          467    i.key_send          light.o
    0x0800a7bc   0x00000034   Code   RO          468    i.key_senddata      light.o
    0x0800a7f0   0x00000034   Code   RO         2355    i.lcd_beep          my_lcd.o
    0x0800a824   0x00000018   Code   RO         2356    i.lcd_chan_state    my_lcd.o
    0x0800a83c   0x0000006c   Code   RO         2357    i.lcd_dataUp        my_lcd.o
    0x0800a8a8   0x00000184   Code   RO         2358    i.lcd_messeg_02     my_lcd.o
    0x0800aa2c   0x00000098   Code   RO         2359    i.lcd_messeg_03     my_lcd.o
    0x0800aac4   0x00000014   Code   RO         2360    i.lcd_page          my_lcd.o
    0x0800aad8   0x00000020   Code   RO         2361    i.lcd_set_data      my_lcd.o
    0x0800aaf8   0x00000024   Code   RO         2362    i.lcd_sleep         my_lcd.o
    0x0800ab1c   0x000000e0   Code   RO         2363    i.lcd_timetosleep   my_lcd.o
    0x0800abfc   0x00000160   Code   RO         2507    i.led_light         my_light.o
    0x0800ad5c   0x0000006c   Code   RO         2508    i.led_lightall      my_light.o
    0x0800adc8   0x00000028   Code   RO          471    i.led_resetall      light.o
    0x0800adf0   0x00000170   Code   RO         2509    i.led_run           my_light.o
    0x0800af60   0x00000034   Code   RO          472    i.led_senddata      light.o
    0x0800af94   0x00000024   Code   RO          473    i.led_setall        light.o
    0x0800afb8   0x00000020   Code   RO          474    i.led_setcolor      light.o
    0x0800afd8   0x000000c4   Code   RO         2556    i.load_test_cfg     my_rf.o
    0x0800b09c   0x00000042   Code   RO         2557    i.loushui_warn      my_rf.o
    0x0800b0de   0x00000002   PAD
    0x0800b0e0   0x000000c4   Code   RO            1    i.main              main.o
    0x0800b1a4   0x00000058   Code   RO          981    i.mem_free          malloc.o
    0x0800b1fc   0x000000e0   Code   RO          982    i.mem_init          malloc.o
    0x0800b2dc   0x00000098   Code   RO          983    i.mem_malloc        malloc.o
    0x0800b374   0x00000034   Code   RO          984    i.mem_perused       malloc.o
    0x0800b3a8   0x00000470   Code   RO         2866    i.my_autocontrol    my_autocontrol.o
    0x0800b818   0x00000130   Code   RO         2805    i.my_cfg            my_cfg.o
    0x0800b948   0x00000050   Code   RO         2898    i.my_debug          my_debug.o
    0x0800b998   0x00000446   Code   RO         2322    i.my_key            my_key.o
    0x0800bdde   0x00000002   PAD
    0x0800bde0   0x00000184   Code   RO         2364    i.my_lcd            my_lcd.o
    0x0800bf64   0x0000002c   Code   RO         2365    i.my_lcd_init       my_lcd.o
    0x0800bf90   0x00000010   Code   RO         2366    i.my_lcdsleep       my_lcd.o
    0x0800bfa0   0x00000072   Code   RO         2511    i.my_light          my_light.o
    0x0800c012   0x00000002   PAD
    0x0800c014   0x00000224   Code   RO         2558    i.my_rf_deal        my_rf.o
    0x0800c238   0x00000304   Code   RO         2559    i.my_rf_hand        my_rf.o
    0x0800c53c   0x0000024c   Code   RO         2560    i.my_rf_loop        my_rf.o
    0x0800c788   0x00000070   Code   RO         2670    i.my_w5500          my_w5500.o
    0x0800c7f8   0x00000028   Code   RO          985    i.myfree            malloc.o
    0x0800c820   0x0000002c   Code   RO          986    i.mymalloc          malloc.o
    0x0800c84c   0x0000001a   Code   RO          987    i.mymemcpy          malloc.o
    0x0800c866   0x00000014   Code   RO          988    i.mymemset          malloc.o
    0x0800c87a   0x00000016   Code   RO         1853    i.nest_Options      dhcp.o
    0x0800c890   0x000000d4   Code   RO         1899    i.net_check_gateway  enternet.o
    0x0800c964   0x00000064   Code   RO         1900    i.net_check_parameters  enternet.o
    0x0800c9c8   0x0000000e   Code   RO         1901    i.net_get_comstate  enternet.o
    0x0800c9d6   0x0000000e   Code   RO         1902    i.net_get_phycstate  enternet.o
    0x0800c9e4   0x00000018   Code   RO         1903    i.net_init          enternet.o
    0x0800c9fc   0x00000010   Code   RO         1905    i.net_set_getway    enternet.o
    0x0800ca0c   0x00000010   Code   RO         1906    i.net_set_myip      enternet.o
    0x0800ca1c   0x00000010   Code   RO         1907    i.net_set_sub_mask  enternet.o
    0x0800ca2c   0x00000024   Code   RO         1908    i.net_sysboot_init  enternet.o
    0x0800ca50   0x000000a0   Code   RO         1909    i.net_test          enternet.o
    0x0800caf0   0x00000064   Code   RO         1492    i.num_to_str        cjson.o
    0x0800cb54   0x00000008   Code   RO         2309    i.os_fats_init      os_fats.o
    0x0800cb5c   0x00000014   Code   RO         2294    i.os_init           os_sys.o
    0x0800cb70   0x00000008   Code   RO         2282    i.os_mem_init       os_mem.o
    0x0800cb78   0x00000004   Code   RO         2152    i.os_msg_init       os_msg.o
    0x0800cb7c   0x00000024   Code   RO         2208    i.os_task_init      os_task.o
    0x0800cba0   0x000000ac   Code   RO         1493    i.parse_array       cjson.o
    0x0800cc4c   0x00000114   Code   RO         1494    i.parse_hex4        cjson.o
    0x0800cd60   0x000001bc   Code   RO         1495    i.parse_number      cjson.o
    0x0800cf1c   0x00000114   Code   RO         1496    i.parse_object      cjson.o
    0x0800d030   0x000001cc   Code   RO         1497    i.parse_string      cjson.o
    0x0800d1fc   0x000000bc   Code   RO         1498    i.parse_value       cjson.o
    0x0800d2b8   0x000009b8   Code   RO         4729    i.pow               m_ws.l(pow.o)
    0x0800dc70   0x0000016c   Code   RO         1499    i.print_array       cjson.o
    0x0800dddc   0x00000174   Code   RO         1500    i.print_number      cjson.o
    0x0800df50   0x00000274   Code   RO         1501    i.print_object      cjson.o
    0x0800e1c4   0x0000000c   Code   RO         1502    i.print_string      cjson.o
    0x0800e1d0   0x00000128   Code   RO         1503    i.print_string_ptr  cjson.o
    0x0800e2f8   0x00000094   Code   RO         1504    i.print_value       cjson.o
    0x0800e38c   0x00000124   Code   RO         1790    i.read_json         file.o
    0x0800e4b0   0x00000044   Code   RO         2023    i.recv_json         wk_json.o
    0x0800e4f4   0x000001c4   Code   RO         2024    i.recv_json_kz      wk_json.o
    0x0800e6b8   0x0000002e   Code   RO         2899    i.samestr           my_debug.o
    0x0800e6e6   0x00000050   Code   RO         2025    i.send_json         wk_json.o
    0x0800e736   0x00000002   PAD
    0x0800e738   0x0000028c   Code   RO         2026    i.send_json_adddevice  wk_json.o
    0x0800e9c4   0x000001e8   Code   RO         2672    i.send_json_cj      my_w5500.o
    0x0800ebac   0x00000454   Code   RO         2673    i.send_json_kz      my_w5500.o
    0x0800f000   0x000001b4   Code   RO         2674    i.send_json_limit   my_w5500.o
    0x0800f1b4   0x00000210   Code   RO         2675    i.send_json_warn    my_w5500.o
    0x0800f3c4   0x00000080   Code   RO         2153    i.send_messeg       os_msg.o
    0x0800f444   0x00000042   Code   RO         2867    i.send_warn         my_autocontrol.o
    0x0800f486   0x0000003a   Code   RO         2028    i.server_data       wk_json.o
    0x0800f4c0   0x000000a8   Code   RO         2029    i.server_read_data  wk_json.o
    0x0800f568   0x000000b4   Code   RO         2030    i.server_send_data  wk_json.o
    0x0800f61c   0x00000034   Code   RO         1065    i.set_jianpu        beep.o
    0x0800f650   0x00000012   Code   RO         1505    i.skip              cjson.o
    0x0800f662   0x00000002   PAD
    0x0800f664   0x00000018   Code   RO          477    i.sm16703_reset     light.o
    0x0800f67c   0x000003d8   Code   RO          478    i.sm16703_send      light.o
    0x0800fa54   0x0000004c   Code   RO         4867    i.sqrt              m_ws.l(sqrt.o)
    0x0800faa0   0x00000030   Code   RO         2900    i.str2num           my_debug.o
    0x0800fad0   0x00000006   Code   RO         1506    i.suffix_object     cjson.o
    0x0800fad6   0x00000012   Code   RO         1911    i.tcp_close         enternet.o
    0x0800fae8   0x000000b6   Code   RO         1912    i.tcp_connect       enternet.o
    0x0800fb9e   0x00000014   Code   RO         1913    i.tcp_send          enternet.o
    0x0800fbb2   0x00000038   Code   RO         1914    i.udp_close         enternet.o
    0x0800fbea   0x00000048   Code   RO         1915    i.udp_init          enternet.o
    0x0800fc32   0x00000042   Code   RO         1916    i.udp_send          enternet.o
    0x0800fc74   0x000000f8   Code   RO         2676    i.wk_client         my_w5500.o
    0x0800fd6c   0x00000090   Code   RO         2561    i.yt_newstate       my_rf.o
    0x0800fdfc   0x0000002c   Code   RO         4944    locale$$code        c_w.l(lc_ctype_c.o)
    0x0800fe28   0x0000002c   Code   RO         4947    locale$$code        c_w.l(lc_numeric_c.o)
    0x0800fe54   0x00000062   Code   RO         4676    x$fpl$d2f           fz_ws.l(d2f.o)
    0x0800feb6   0x00000002   PAD
    0x0800feb8   0x00000150   Code   RO         4678    x$fpl$dadd          fz_ws.l(daddsub_clz.o)
    0x08010008   0x00000010   Code   RO         4958    x$fpl$dcheck1       fz_ws.l(dcheck1.o)
    0x08010018   0x00000018   Code   RO         4832    x$fpl$dcmpinf       fz_ws.l(dcmpi.o)
    0x08010030   0x000002b0   Code   RO         4685    x$fpl$ddiv          fz_ws.l(ddiv.o)
    0x080102e0   0x0000005e   Code   RO         4688    x$fpl$dfix          fz_ws.l(dfix.o)
    0x0801033e   0x00000002   PAD
    0x08010340   0x0000005a   Code   RO         4692    x$fpl$dfixu         fz_ws.l(dfixu.o)
    0x0801039a   0x0000002e   Code   RO         4697    x$fpl$dflt          fz_ws.l(dflt_clz.o)
    0x080103c8   0x00000026   Code   RO         4696    x$fpl$dfltu         fz_ws.l(dflt_clz.o)
    0x080103ee   0x00000002   PAD
    0x080103f0   0x00000078   Code   RO         4702    x$fpl$dleqf         fz_ws.l(dleqf.o)
    0x08010468   0x00000154   Code   RO         4704    x$fpl$dmul          fz_ws.l(dmul.o)
    0x080105bc   0x0000009c   Code   RO         4834    x$fpl$dnaninf       fz_ws.l(dnaninf.o)
    0x08010658   0x0000000c   Code   RO         4836    x$fpl$dretinf       fz_ws.l(dretinf.o)
    0x08010664   0x0000006c   Code   RO         4706    x$fpl$drleqf        fz_ws.l(drleqf.o)
    0x080106d0   0x00000016   Code   RO         4679    x$fpl$drsb          fz_ws.l(daddsub_clz.o)
    0x080106e6   0x00000002   PAD
    0x080106e8   0x000001cc   Code   RO         4960    x$fpl$dsqrt         fz_ws.l(dsqrt_noumaal.o)
    0x080108b4   0x000001d4   Code   RO         4680    x$fpl$dsub          fz_ws.l(daddsub_clz.o)
    0x08010a88   0x00000018   Code   RO         4838    x$fpl$fcmpinf       fz_ws.l(fcmpi.o)
    0x08010aa0   0x00000026   Code   RO         4710    x$fpl$ffltu         fz_ws.l(fflt_clz.o)
    0x08010ac6   0x00000002   PAD
    0x08010ac8   0x00000068   Code   RO         4716    x$fpl$fleqf         fz_ws.l(fleqf.o)
    0x08010b30   0x00000102   Code   RO         4718    x$fpl$fmul          fz_ws.l(fmul.o)
    0x08010c32   0x0000008c   Code   RO         4840    x$fpl$fnaninf       fz_ws.l(fnaninf.o)
    0x08010cbe   0x0000000a   Code   RO         4842    x$fpl$fretinf       fz_ws.l(fretinf.o)
    0x08010cc8   0x00000062   Code   RO         4720    x$fpl$frleqf        fz_ws.l(frleqf.o)
    0x08010d2a   0x00000004   Code   RO         4722    x$fpl$printf1       fz_ws.l(printf1.o)
    0x08010d2e   0x00000064   Code   RO         4989    x$fpl$retnan        fz_ws.l(retnan.o)
    0x08010d92   0x0000005c   Code   RO         4844    x$fpl$scalbn        fz_ws.l(scalbn.o)
    0x08010dee   0x00000030   Code   RO         5016    x$fpl$trapveneer    fz_ws.l(trapv.o)
    0x08010e1e   0x00000000   Code   RO         4846    x$fpl$usenofp       fz_ws.l(usenofp.o)
    0x08010e1e   0x00000002   PAD
    0x08010e20   0x00000010   Data   RO         1066    .constdata          beep.o
    0x08010e30   0x00000200   Data   RO         1432    .constdata          crc8_16.o
    0x08011030   0x00000007   Data   RO         1507    .constdata          cjson.o
    0x08011037   0x00000001   PAD
    0x08011038   0x00000040   Data   RO         2901    .constdata          my_debug.o
    0x08011078   0x00000028   Data   RO         4613    .constdata          c_w.l(_printf_hex_int.o)
    0x080110a0   0x00000011   Data   RO         4643    .constdata          c_w.l(__printf_flags_wp.o)
    0x080110b1   0x00000007   PAD
    0x080110b8   0x00000088   Data   RO         4730    .constdata          m_ws.l(pow.o)
    0x08011140   0x00000008   Data   RO         4865    .constdata          m_ws.l(qnan.o)
    0x08011148   0x00000094   Data   RO         4919    .constdata          c_w.l(bigflt0.o)
    0x080111dc   0x000000df   Data   RO         2902    .conststring        my_debug.o
    0x080112bb   0x00000001   PAD
    0x080112bc   0x00000020   Data   RO         5046    Region$$Table       anon$$obj.o
    0x080112dc   0x00000110   Data   RO         4943    locale$$data        c_w.l(lc_ctype_c.o)
    0x080113ec   0x0000001c   Data   RO         4946    locale$$data        c_w.l(lc_numeric_c.o)


    Execution Region RW_IRAM1 (Base: 0x20000004, Size: 0x000022c4, Max: 0x000027fc, ABSOLUTE, COMPRESSED[0x00000080])

    Base Addr    Size         Type   Attr      Idx    E Section Name        Object

    0x20000004   0x00000014   Data   RW          321    .data               system_stm32f10x.o
    0x20000018   0x00000012   Data   RW          360    .data               key.o
    0x2000002a   0x00000002   Data   RW          403    .data               lcd.o
    0x2000002c   0x00000020   Data   RW          480    .data               light.o
    0x2000004c   0x00000039   Data   RW          637    .data               rf.o
    0x20000085   0x00000006   Data   RW          834    .data               w5500.o
    0x2000008b   0x00000001   PAD
    0x2000008c   0x0000000c   Data   RW          991    .data               malloc.o
    0x20000098   0x00000025   Data   RW         1067    .data               beep.o
    0x200000bd   0x00000003   PAD
    0x200000c0   0x0000001e   Data   RW         1149    .data               fats.o
    0x200000de   0x00000001   Data   RW         1189    .data               mmc_sd.o
    0x200000df   0x00000001   PAD
    0x200000e0   0x00000002   Data   RW         1338    .data               flash.o
    0x200000e2   0x00000002   PAD
    0x200000e4   0x0000000c   Data   RW         1508    .data               cjson.o
    0x200000f0   0x00000010   Data   RW         1854    .data               dhcp.o
    0x20000100   0x00000006   Data   RW         1917    .data               enternet.o
    0x20000106   0x00000002   Data   RW         2031    .data               wk_json.o
    0x20000108   0x00000024   Data   RW         2210    .data               os_task.o
    0x2000012c   0x00000012   Data   RW         2323    .data               my_key.o
    0x2000013e   0x00000020   Data   RW         2368    .data               my_lcd.o
    0x2000015e   0x00000027   Data   RW         2512    .data               my_light.o
    0x20000185   0x00000007   Data   RW         2678    .data               my_w5500.o
    0x2000018c   0x00000001   Data   RW         2806    .data               my_cfg.o
    0x2000018d   0x00000001   PAD
    0x2000018e   0x00000009   Data   RW         2903    .data               my_debug.o
    0x20000197   0x00000001   PAD
    0x20000198   0x00000004   Data   RW         3034    .data               delay.o
    0x2000019c   0x00000014   Data   RW         3225    .data               stm32f10x_rcc.o
    0x200001b0   0x00001600   Zero   RW            2    .bss                main.o
    0x200017b0   0x0000001e   Zero   RW          402    .bss                lcd.o
    0x200017ce   0x00000180   Zero   RW          479    .bss                light.o
    0x2000194e   0x0000011b   Zero   RW          636    .bss                rf.o
    0x20001a69   0x00000003   PAD
    0x20001a6c   0x00000014   Zero   RW          990    .bss                malloc.o
    0x20001a80   0x000001b8   Zero   RW         1817    .bss                data_map.o
    0x20001c38   0x0000012c   Zero   RW         2154    .bss                os_msg.o
    0x20001d64   0x00000200   Zero   RW         2209    .bss                os_task.o
    0x20001f64   0x00000100   Zero   RW         2367    .bss                my_lcd.o
    0x20002064   0x00000060   Zero   RW         4877    .bss                c_w.l(libspace.o)
    0x200020c4   0x00000004   PAD
    0x200020c8   0x00000000   Zero   RW         3073    HEAP                startup_stm32f10x_hd.o
    0x200020c8   0x00000200   Zero   RW         3072    STACK               startup_stm32f10x_hd.o


==============================================================================

Image component sizes


      Code (inc. data)   RO Data    RW Data    ZI Data      Debug   Object Name

       748         94         16         37          0       5541   beep.o
      4390        246          7         12          0      22407   cjson.o
        56         10        512          0          0       1170   crc8_16.o
       276         36          0          0        440       2647   data_map.o
       292         40          0          4          0       2085   delay.o
      1766        142          0         16          0       7235   dhcp.o
      1022         50          0          6          0       9437   enternet.o
       372         70          0         30          0       5566   fats.o
       292         18          0          0          0       1440   file.o
       264         30          0          2          0       1802   flash.o
       692         38          0         18          0       3377   key.o
       556         78          0          2         30       4844   lcd.o
      2476         96          0         32        384       8525   light.o
       196         74          0          0       5632     280492   main.o
       646         74          0         12         20       6078   malloc.o
       192         30          0          0          0       2411   misc.o
      1308         32          0          1          0      10365   mmc_sd.o
      1202          8          0          0          0       2433   my_autocontrol.o
      1282         68          0          1          0       5864   my_cfg.o
      3894       1558        287          9          0       9579   my_debug.o
      1094         14          0         18          0       2009   my_key.o
      3692        216          0         32        256      15424   my_lcd.o
       942         34          0         39          0       3900   my_light.o
      3858         84          0          0          0      12632   my_rf.o
      3104        566          0          7          0       7541   my_w5500.o
       184         34          0          0          0        336   os_cpu_a.o
       154          0          0          0          0        960   os_cpu_c.o
         8          0          0          0          0        431   os_fats.o
         8          0          0          0          0        402   os_mem.o
       308         16          0          0        300       3291   os_msg.o
        20          0          0          0          0        430   os_sys.o
       760        132          0         36        512       7093   os_task.o
       152         36          0          0          0      16717   power.o
        52          6          0          0          0        461   relay.o
      1478        180          0         57        283      12901   rf.o
       272         18          0          0          0       1681   spi.o
        60         22        304          0        512        768   startup_stm32f10x_hd.o
       200         18          0          0          0       1952   stm32f10x_exti.o
       274         30          0          0          0       3170   stm32f10x_flash.o
       502         10          0          0          0       4753   stm32f10x_gpio.o
        62         10          0          0          0     220790   stm32f10x_it.o
       392         50          0         20          0       5808   stm32f10x_rcc.o
       112          0          0          0          0       3590   stm32f10x_spi.o
       246         42          0          0          0       3322   stm32f10x_tim.o
       616         28          0          0          0       6906   stm32f10x_usart.o
       626          6          0          0          0       3318   stmflash.o
       328         28          0         20          0       1905   system_stm32f10x.o
      1892        114          0          6          0      16732   w5500.o
      1758        364          0          2          0       7127   wk_json.o

    ----------------------------------------------------------------------
     45118       4850       1160        428       8372     759648   Object Totals
         0          0         32          0          0          0   (incl. Generated)
        42          0          2          9          3          0   (incl. Padding)

    ----------------------------------------------------------------------

      Code (inc. data)   RO Data    RW Data    ZI Data      Debug   Library Member Name

        90          0          0          0          0          0   __dczerorl2.o
         8          0          0          0          0         68   __main.o
       312          4         17          0          0         92   __printf_flags_wp.o
        14          0          0          0          0         68   __printf_wp.o
         0          0          0          0          0          0   __rtentry.o
        12          0          0          0          0          0   __rtentry2.o
         6          0          0          0          0          0   __rtentry4.o
        52          8          0          0          0          0   __scatter.o
        28          0          0          0          0          0   __scatter_zi.o
        44          0          0          0          0        108   _printf_char.o
        48          6          0          0          0         96   _printf_char_common.o
         6          0          0          0          0          0   _printf_d.o
       120         16          0          0          0         92   _printf_dec.o
         6          0          0          0          0          0   _printf_e.o
         6          0          0          0          0          0   _printf_f.o
      1050          0          0          0          0        216   _printf_fp_dec.o
       128         16          0          0          0         84   _printf_fp_infnan.o
        88          4         40          0          0         88   _printf_hex_int.o
       178          0          0          0          0         88   _printf_intcommon.o
        78          0          0          0          0        108   _printf_pad.o
         0          0          0          0          0          0   _printf_percent.o
         4          0          0          0          0          0   _printf_percent_end.o
         6          0          0          0          0          0   _printf_s.o
        82          0          0          0          0         80   _printf_str.o
         6          0          0          0          0          0   _printf_x.o
        22          0          0          0          0        100   _rserrno.o
        10          0          0          0          0         68   _sputc.o
       220          4        148          0          0         96   bigflt0.o
      1910        128          0          0          0        672   btod.o
        10          0          0          0          0         68   defsig_exit.o
        50          0          0          0          0         88   defsig_general.o
        80         58          0          0          0         76   defsig_rtmem_inner.o
        14          0          0          0          0         80   defsig_rtmem_outer.o
        12          0          0          0          0         72   exit.o
        94          0          0          0          0         80   h1_alloc.o
        52          0          0          0          0         68   h1_extend.o
        78          0          0          0          0         80   h1_free.o
        14          0          0          0          0         84   h1_init.o
         6          0          0          0          0        152   heapauxi.o
         4          0          0          0          0        136   hguard.o
       138          0          0          0          0        168   init_alloc.o
        44         10        272          0          0         76   lc_ctype_c.o
        44         10         28          0          0         76   lc_numeric_c.o
         2          0          0          0          0          0   libinit.o
        38          0          0          0          0          0   libinit2.o
         2          0          0          0          0          0   libshutdown.o
         2          0          0          0          0          0   libshutdown2.o
         8          4          0          0         96         68   libspace.o
       138          0          0          0          0         80   lludiv10.o
         0          0          0          0          0          0   maybetermalloc1.o
        40          6          0          0          0         84   noretval__2sprintf.o
        16          4          0          0          0         76   rt_ctype_table.o
         8          4          0          0          0         68   rt_errno_addr_intlibspace.o
         8          4          0          0          0         68   rt_heap_descriptor_intlibspace.o
         8          4          0          0          0         68   rt_locale_intlibspace.o
        68          0          0          0          0         68   rt_memclr.o
        78          0          0          0          0         80   rt_memclr_w.o
       138          0          0          0          0         68   rt_memcpy_v6.o
       100          0          0          0          0         80   rt_memcpy_w.o
         2          0          0          0          0          0   rtexit.o
        10          0          0          0          0          0   rtexit2.o
        20          0          0          0          0         68   strchr.o
       128          0          0          0          0         68   strcmpv7m.o
        72          0          0          0          0         80   strcpy.o
        62          0          0          0          0         76   strlen.o
       150          0          0          0          0         80   strncmp.o
        74          0          0          0          0         80   sys_stackheap_outer.o
        26          0          0          0          0         76   tolower.o
         2          0          0          0          0         68   use_no_semi.o
         2          0          0          0          0         68   use_no_semi_2.o
        98          4          0          0          0         92   d2f.o
       826         16          0          0          0        348   daddsub_clz.o
        16          4          0          0          0         68   dcheck1.o
        24          0          0          0          0         68   dcmpi.o
       688        140          0          0          0        208   ddiv.o
        94          4          0          0          0         92   dfix.o
        90          4          0          0          0         92   dfixu.o
        84          0          0          0          0        136   dflt_clz.o
       120          4          0          0          0         92   dleqf.o
       340         12          0          0          0        104   dmul.o
       156          4          0          0          0         92   dnaninf.o
        12          0          0          0          0         68   dretinf.o
       108          0          0          0          0         80   drleqf.o
       460         56          0          0          0        120   dsqrt_noumaal.o
        24          0          0          0          0         68   fcmpi.o
        38          0          0          0          0         68   fflt_clz.o
       104          4          0          0          0         84   fleqf.o
       258          4          0          0          0         84   fmul.o
       140          4          0          0          0         84   fnaninf.o
        10          0          0          0          0         68   fretinf.o
        98          0          0          0          0         68   frleqf.o
         4          0          0          0          0         68   printf1.o
       100          0          0          0          0         68   retnan.o
        92          0          0          0          0         68   scalbn.o
        48          0          0          0          0         68   trapv.o
         0          0          0          0          0          0   usenofp.o
        62         10          0          0          0        340   dunder.o
       220         16          0          0          0         84   floor.o
        40          0          0          0          0         68   fpclassify.o
       170          0          0          0          0         96   poly.o
      2488        190        136          0          0        300   pow.o
         0          0          8          0          0          0   qnan.o
        76          0          0          0          0         84   sqrt.o

    ----------------------------------------------------------------------
     13490        766        656          0        100       8328   Library Totals
        26          0          7          0          4          0   (incl. Padding)

    ----------------------------------------------------------------------

      Code (inc. data)   RO Data    RW Data    ZI Data      Debug   Library Name

      6376        290        505          0         96       4900   c_w.l
      4032        260          0          0          0       2456   fz_ws.l
      3056        216        144          0          0        972   m_ws.l

    ----------------------------------------------------------------------
     13490        766        656          0        100       8328   Library Totals

    ----------------------------------------------------------------------

==============================================================================


      Code (inc. data)   RO Data    RW Data    ZI Data      Debug   

     58608       5616       1816        428       8472     745612   Grand Totals
     58608       5616       1816        128       8472     745612   ELF Image Totals (compressed)
     58608       5616       1816        128          0          0   ROM Totals

==============================================================================

    Total RO  Size (Code + RO Data)                60424 (  59.01kB)
    Total RW  Size (RW Data + ZI Data)              8900 (   8.69kB)
    Total ROM Size (Code + RO Data + RW Data)      60552 (  59.13kB)

==============================================================================

